Component: ARM Compiler 5.06 update 5 (build 528) Tool: armlink [4d35e2]

==============================================================================

Section Cross References

    main.o(i.check_redsence) refers to lcd12864.o(i.ShowQQChar) for ShowQQChar
    main.o(i.check_redsence) refers to exti.o(.data) for redsence_flag
    main.o(i.check_weight) refers to hx711.o(i.Get_Maopi) for Get_Maopi
    main.o(i.check_weight) refers to stm32f10x_gpio.o(i.GPIO_SetBits) for GPIO_SetBits
    main.o(i.check_weight) refers to lcd12864.o(i.ShowQQChar) for ShowQQChar
    main.o(i.check_weight) refers to stm32f10x_gpio.o(i.GPIO_ResetBits) for GPIO_ResetBits
    main.o(i.check_weight) refers to hx711.o(.data) for Flag_Error
    main.o(i.lcd_display) refers to _printf_percent.o(.ARM.Collect$$_printf_percent$$00000000) for _printf_percent
    main.o(i.lcd_display) refers to _printf_d.o(.ARM.Collect$$_printf_percent$$00000009) for _printf_d
    main.o(i.lcd_display) refers to _printf_dec.o(.text) for _printf_int_dec
    main.o(i.lcd_display) refers to noretval__2sprintf.o(.text) for __2sprintf
    main.o(i.lcd_display) refers to lcd12864.o(i.ShowQQChar) for ShowQQChar
    main.o(i.main) refers to _printf_pad.o(.text) for _printf_pre_padding
    main.o(i.main) refers to _printf_percent.o(.ARM.Collect$$_printf_percent$$00000000) for _printf_percent
    main.o(i.main) refers to _printf_d.o(.ARM.Collect$$_printf_percent$$00000009) for _printf_d
    main.o(i.main) refers to _printf_dec.o(.text) for _printf_int_dec
    main.o(i.main) refers to _printf_f.o(.ARM.Collect$$_printf_percent$$00000003) for _printf_f
    main.o(i.main) refers to printf1.o(x$fpl$printf1) for _printf_fp_dec
    main.o(i.main) refers to _printf_c.o(.ARM.Collect$$_printf_percent$$00000013) for _printf_c
    main.o(i.main) refers to _printf_s.o(.ARM.Collect$$_printf_percent$$00000014) for _printf_s
    main.o(i.main) refers to _printf_str.o(.text) for _printf_str
    main.o(i.main) refers to system_stm32f10x.o(i.SystemInit) for SystemInit
    main.o(i.main) refers to delay.o(i.delay_init) for delay_init
    main.o(i.main) refers to misc.o(i.NVIC_PriorityGroupConfig) for NVIC_PriorityGroupConfig
    main.o(i.main) refers to sr501.o(i.SR501_CONFIG) for SR501_CONFIG
    main.o(i.main) refers to usart.o(i.uart_init) for uart_init
    main.o(i.main) refers to lcd12864.o(i.LCD12864IO_Init) for LCD12864IO_Init
    main.o(i.main) refers to beep.o(i.BEEP_CONFIG) for BEEP_CONFIG
    main.o(i.main) refers to hx711.o(i.Init_HX711pin) for Init_HX711pin
    main.o(i.main) refers to lcd12864.o(i.LCDInit) for LCDInit
    main.o(i.main) refers to mq2.o(i.Adc_Init) for Adc_Init
    main.o(i.main) refers to lcd12864.o(i.ShowQQChar) for ShowQQChar
    main.o(i.main) refers to delay.o(i.delay_ms) for delay_ms
    main.o(i.main) refers to mq2.o(i.Get_Adc_Average) for Get_Adc_Average
    main.o(i.main) refers to noretval__2sprintf.o(.text) for __2sprintf
    main.o(i.main) refers to dht11.o(i.dht11_read_data) for dht11_read_data
    main.o(i.main) refers to dflt_clz.o(x$fpl$dfltu) for __aeabi_ui2d
    main.o(i.main) refers to ddiv.o(x$fpl$ddiv) for __aeabi_ddiv
    main.o(i.main) refers to daddsub_clz.o(x$fpl$dadd) for __aeabi_dadd
    main.o(i.main) refers to main.o(i.lcd_display) for lcd_display
    main.o(i.main) refers to noretval__2printf.o(.text) for __2printf
    main.o(i.main) refers to main.o(i.check_redsence) for check_redsence
    main.o(i.main) refers to main.o(i.check_weight) for check_weight
    main.o(i.main) refers to hx711.o(.data) for Flag_Error
    system_stm32f10x.o(i.SetSysClock) refers to system_stm32f10x.o(i.SetSysClockTo72) for SetSysClockTo72
    system_stm32f10x.o(i.SystemCoreClockUpdate) refers to system_stm32f10x.o(.data) for SystemCoreClock
    system_stm32f10x.o(i.SystemInit) refers to system_stm32f10x.o(i.SetSysClock) for SetSysClock
    delay.o(i.delay_init) refers to misc.o(i.SysTick_CLKSourceConfig) for SysTick_CLKSourceConfig
    delay.o(i.delay_init) refers to system_stm32f10x.o(.data) for SystemCoreClock
    delay.o(i.delay_init) refers to delay.o(.data) for fac_us
    delay.o(i.delay_ms) refers to delay.o(.data) for fac_ms
    delay.o(i.delay_us) refers to delay.o(.data) for fac_us
    usart.o(i.USART1_IRQHandler) refers (Special) to use_no_semi_2.o(.text) for __use_no_semihosting
    usart.o(i.USART1_IRQHandler) refers to stm32f10x_usart.o(i.USART_GetITStatus) for USART_GetITStatus
    usart.o(i.USART1_IRQHandler) refers to stm32f10x_usart.o(i.USART_ReceiveData) for USART_ReceiveData
    usart.o(i.USART1_IRQHandler) refers to usart.o(.data) for USART_RX_STA
    usart.o(i.USART1_IRQHandler) refers to usart.o(.bss) for USART_RX_BUF
    usart.o(i._sys_exit) refers (Special) to use_no_semi_2.o(.text) for __use_no_semihosting
    usart.o(i.fputc) refers (Special) to use_no_semi_2.o(.text) for __use_no_semihosting
    usart.o(i.uart_init) refers (Special) to use_no_semi_2.o(.text) for __use_no_semihosting
[...]
    ../clib/printf.c                         0x00000000   Number         0  __printf_ss.o ABSOLUTE
    ../clib/printf.c                         0x00000000   Number         0  __printf_flags.o ABSOLUTE
    ../clib/printf.c                         0x00000000   Number         0  __printf_nopercent.o ABSOLUTE
    ../clib/printf.c                         0x00000000   Number         0  __2printf.o ABSOLUTE
    ../clib/printf.c                         0x00000000   Number         0  _printf_dec.o ABSOLUTE
    ../clib/printf.c                         0x00000000   Number         0  _printf_fp_dec.o ABSOLUTE
    ../clib/printf.c                         0x00000000   Number         0  __2sprintf.o ABSOLUTE
    ../clib/printf.c                         0x00000000   Number         0  noretval__2printf.o ABSOLUTE
    ../clib/printf.c                         0x00000000   Number         0  noretval__2sprintf.o ABSOLUTE
    ../clib/printf_percent.s                 0x00000000   Number         0  _printf_percent_end.o ABSOLUTE
    ../clib/printf_percent.s                 0x00000000   Number         0  _printf_percent.o ABSOLUTE
    ../clib/printf_percent.s                 0x00000000   Number         0  _printf_f.o ABSOLUTE
    ../clib/printf_percent.s                 0x00000000   Number         0  _printf_s.o ABSOLUTE
    ../clib/printf_percent.s                 0x00000000   Number         0  _printf_d.o ABSOLUTE
    ../clib/printf_percent.s                 0x00000000   Number         0  _printf_c.o ABSOLUTE
    ../clib/signal.c                         0x00000000   Number         0  __raise.o ABSOLUTE
    ../clib/signal.c                         0x00000000   Number         0  defsig_rtmem_inner.o ABSOLUTE
    ../clib/signal.c                         0x00000000   Number         0  defsig_exit.o ABSOLUTE
    ../clib/signal.c                         0x00000000   Number         0  defsig_rtmem_formal.o ABSOLUTE
    ../clib/signal.c                         0x00000000   Number         0  defsig_rtmem_outer.o ABSOLUTE
    ../clib/signal.c                         0x00000000   Number         0  defsig_cppl_inner.o ABSOLUTE
    ../clib/signal.c                         0x00000000   Number         0  defsig_other.o ABSOLUTE
    ../clib/signal.c                         0x00000000   Number         0  defsig_segv_inner.o ABSOLUTE
    ../clib/signal.c                         0x00000000   Number         0  defsig_pvfn_inner.o ABSOLUTE
    ../clib/signal.c                         0x00000000   Number         0  defsig_stak_inner.o ABSOLUTE
    ../clib/signal.c                         0x00000000   Number         0  defsig_rtred_inner.o ABSOLUTE
    ../clib/signal.c                         0x00000000   Number         0  defsig_fpe_inner.o ABSOLUTE
    ../clib/signal.c                         0x00000000   Number         0  defsig_abrt_inner.o ABSOLUTE
    ../clib/signal.c                         0x00000000   Number         0  defsig_general.o ABSOLUTE
    ../clib/signal.s                         0x00000000   Number         0  defsig.o ABSOLUTE
    ../clib/stdio.c                          0x00000000   Number         0  ferror_locked.o ABSOLUTE
    ../clib/stdio.c                          0x00000000   Number         0  ferror.o ABSOLUTE
    ../clib/stdlib.c                         0x00000000   Number         0  exit.o ABSOLUTE
    ../fplib/daddsub.s                       0x00000000   Number         0  daddsub_clz.o ABSOLUTE
    ../fplib/ddiv.s                          0x00000000   Number         0  ddiv.o ABSOLUTE
    ../fplib/dflt.s                          0x00000000   Number         0  dflt_clz.o ABSOLUTE
    ../fplib/dnaninf.s                       0x00000000   Number         0  dnaninf.o ABSOLUTE
    ../fplib/dretinf.s                       0x00000000   Number         0  dretinf.o ABSOLUTE
    ../fplib/fdiv.s                          0x00000000   Number         0  fdiv.o ABSOLUTE
    ../fplib/ffixu.s                         0x00000000   Number         0  ffixu.o ABSOLUTE
    ../fplib/fflt.s                          0x00000000   Number         0  fflt_clz.o ABSOLUTE
    ../fplib/fnaninf.s                       0x00000000   Number         0  fnaninf.o ABSOLUTE
    ../fplib/fpinit.s                        0x00000000   Number         0  fpinit.o ABSOLUTE
    ../fplib/fretinf.s                       0x00000000   Number         0  fretinf.o ABSOLUTE
    ../fplib/istatus.s                       0x00000000   Number         0  istatus.o ABSOLUTE
    ../fplib/printf1.s                       0x00000000   Number         0  printf1.o ABSOLUTE
    ../fplib/usenofp.s                       0x00000000   Number         0  usenofp.o ABSOLUTE
    ../mathlib/fpclassify.c                  0x00000000   Number         0  fpclassify.o ABSOLUTE
    ..\CORE\core_cm3.c                       0x00000000   Number         0  core_cm3.o ABSOLUTE
    ..\CORE\startup_stm32f10x_md.s           0x00000000   Number         0  startup_stm32f10x_md.o ABSOLUTE
    ..\HARDWARE\BEEP\BEEP.c                  0x00000000   Number         0  beep.o ABSOLUTE
    ..\HARDWARE\DHT11\dht11.c                0x00000000   Number         0  dht11.o ABSOLUTE
    ..\HARDWARE\HX711\HX711.c                0x00000000   Number         0  hx711.o ABSOLUTE
    ..\HARDWARE\LCD12864\LCD12864.c          0x00000000   Number         0  lcd12864.o ABSOLUTE
    ..\HARDWARE\MQ2\mq2.c                    0x00000000   Number         0  mq2.o ABSOLUTE
    ..\HARDWARE\SR501\SR501.c                0x00000000   Number         0  sr501.o ABSOLUTE
    ..\HARDWARE\exti\exti.c                  0x00000000   Number         0  exti.o ABSOLUTE
    ..\HARDWARE\led\LED.c                    0x00000000   Number         0  led.o ABSOLUTE
    ..\STM32F10x_FWLib\src\misc.c            0x00000000   Number         0  misc.o ABSOLUTE
    ..\STM32F10x_FWLib\src\stm32f10x_adc.c   0x00000000   Number         0  stm32f10x_adc.o ABSOLUTE
    ..\STM32F10x_FWLib\src\stm32f10x_bkp.c   0x00000000   Number         0  stm32f10x_bkp.o ABSOLUTE
    ..\STM32F10x_FWLib\src\stm32f10x_can.c   0x00000000   Number         0  stm32f10x_can.o ABSOLUTE
    ..\STM32F10x_FWLib\src\stm32f10x_cec.c   0x00000000   Number         0  stm32f10x_cec.o ABSOLUTE
    ..\STM32F10x_FWLib\src\stm32f10x_crc.c   0x00000000   Number         0  stm32f10x_crc.o ABSOLUTE
    ..\STM32F10x_FWLib\src\stm32f10x_dac.c   0x00000000   Number         0  stm32f10x_dac.o ABSOLUTE
    ..\STM32F10x_FWLib\src\stm32f10x_dbgmcu.c 0x00000000   Number         0  stm32f10x_dbgmcu.o ABSOLUTE
    ..\STM32F10x_FWLib\src\stm32f10x_dma.c   0x00000000   Number         0  stm32f10x_dma.o ABSOLUTE
    ..\STM32F10x_FWLib\src\stm32f10x_exti.c  0x00000000   Number         0  stm32f10x_exti.o ABSOLUTE
    ..\STM32F10x_FWLib\src\stm32f10x_flash.c 0x00000000   Number         0  stm32f10x_flash.o ABSOLUTE
    ..\STM32F10x_FWLib\src\stm32f10x_fsmc.c  0x00000000   Number         0  stm32f10x_fsmc.o ABSOLUTE
    ..\STM32F10x_FWLib\src\stm32f10x_gpio.c  0x00000000   Number         0  stm32f10x_gpio.o ABSOLUTE
    ..\STM32F10x_FWLib\src\stm32f10x_i2c.c   0x00000000   Number         0  stm32f10x_i2c.o ABSOLUTE
    ..\STM32F10x_FWLib\src\stm32f10x_iwdg.c  0x00000000   Number         0  stm32f10x_iwdg.o ABSOLUTE
    ..\STM32F10x_FWLib\src\stm32f10x_pwr.c   0x00000000   Number         0  stm32f10x_pwr.o ABSOLUTE
    ..\STM32F10x_FWLib\src\stm32f10x_rcc.c   0x00000000   Number         0  stm32f10x_rcc.o ABSOLUTE
    ..\STM32F10x_FWLib\src\stm32f10x_rtc.c   0x00000000   Number         0  stm32f10x_rtc.o ABSOLUTE
    ..\STM32F10x_FWLib\src\stm32f10x_sdio.c  0x00000000   Number         0  stm32f10x_sdio.o ABSOLUTE
    ..\STM32F10x_FWLib\src\stm32f10x_spi.c   0x00000000   Number         0  stm32f10x_spi.o ABSOLUTE
    ..\STM32F10x_FWLib\src\stm32f10x_tim.c   0x00000000   Number         0  stm32f10x_tim.o ABSOLUTE
    ..\STM32F10x_FWLib\src\stm32f10x_usart.c 0x00000000   Number         0  stm32f10x_usart.o ABSOLUTE
    ..\STM32F10x_FWLib\src\stm32f10x_wwdg.c  0x00000000   Number         0  stm32f10x_wwdg.o ABSOLUTE
    ..\SYSTEM\delay\delay.c                  0x00000000   Number         0  delay.o ABSOLUTE
    ..\SYSTEM\sys\sys.c                      0x00000000   Number         0  sys.o ABSOLUTE
    ..\SYSTEM\usart\usart.c                  0x00000000   Number         0  usart.o ABSOLUTE
    ..\\CORE\\core_cm3.c                     0x00000000   Number         0  core_cm3.o ABSOLUTE
    ..\\SYSTEM\\sys\\sys.c                   0x00000000   Number         0  sys.o ABSOLUTE
    dc.s                                     0x00000000   Number         0  dc.o ABSOLUTE
    main.c                                   0x00000000   Number         0  main.o ABSOLUTE
    stm32f10x_it.c                           0x00000000   Number         0  stm32f10x_it.o ABSOLUTE
    system_stm32f10x.c                       0x00000000   Number         0  system_stm32f10x.o ABSOLUTE
    RESET                                    0x08000000   Section      304  startup_stm32f10x_md.o(RESET)
    !!!main                                  0x08000130   Section        8  __main.o(!!!main)
    !!!scatter                               0x08000138   Section       52  __scatter.o(!!!scatter)
    !!handler_copy                           0x0800016c   Section       26  __scatter_copy.o(!!handler_copy)
    !!handler_zi                             0x08000188   Section       28  __scatter_zi.o(!!handler_zi)
    .ARM.Collect$$_printf_percent$$00000000  0x080001a4   Section        0  _printf_percent.o(.ARM.Collect$$_printf_percent$$00000000)
    .ARM.Collect$$_printf_percent$$00000003  0x080001a4   Section        6  _printf_f.o(.ARM.Collect$$_printf_percent$$00000003)
    .ARM.Collect$$_printf_percent$$00000009  0x080001aa   Section        6  _printf_d.o(.ARM.Collect$$_printf_percent$$00000009)
    .ARM.Collect$$_printf_percent$$00000013  0x080001b0   Section        6  _printf_c.o(.ARM.Collect$$_printf_percent$$00000013)
    .ARM.Collect$$_printf_percent$$00000014  0x080001b6   Section        6  _printf_s.o(.ARM.Collect$$_printf_percent$$00000014)
    .ARM.Collect$$_printf_percent$$00000017  0x080001bc   Section        4  _printf_percent_end.o(.ARM.Collect$$_printf_percent$$00000017)
    .ARM.Collect$$libinit$$00000000          0x080001c0   Section        2  libinit.o(.ARM.Collect$$libinit$$00000000)
    .ARM.Collect$$libinit$$00000002          0x080001c2   Section        0  libinit2.o(.ARM.Collect$$libinit$$00000002)
    .ARM.Collect$$libinit$$00000004          0x080001c2   Section        0  libinit2.o(.ARM.Collect$$libinit$$00000004)
    .ARM.Collect$$libinit$$0000000A          0x080001c2   Section        0  libinit2.o(.ARM.Collect$$libinit$$0000000A)
    .ARM.Collect$$libinit$$0000000C          0x080001c2   Section        0  libinit2.o(.ARM.Collect$$libinit$$0000000C)
    .ARM.Collect$$libinit$$0000000E          0x080001c2   Section        0  libinit2.o(.ARM.Collect$$libinit$$0000000E)
    .ARM.Collect$$libinit$$0000000F          0x080001c2   Section        6  libinit2.o(.ARM.Collect$$libinit$$0000000F)
    .ARM.Collect$$libinit$$00000011          0x080001c8   Section        0  libinit2.o(.ARM.Collect$$libinit$$00000011)
    .ARM.Collect$$libinit$$00000013          0x080001c8   Section        0  libinit2.o(.ARM.Collect$$libinit$$00000013)
    .ARM.Collect$$libinit$$00000015          0x080001c8   Section        0  libinit2.o(.ARM.Collect$$libinit$$00000015)
    .ARM.Collect$$libinit$$00000016          0x080001c8   Section       10  libinit2.o(.ARM.Collect$$libinit$$00000016)
    .ARM.Collect$$libinit$$00000017          0x080001d2   Section        0  libinit2.o(.ARM.Collect$$libinit$$00000017)
    .ARM.Collect$$libinit$$00000019          0x080001d2   Section        0  libinit2.o(.ARM.Collect$$libinit$$00000019)
    .ARM.Collect$$libinit$$0000001B          0x080001d2   Section        0  libinit2.o(.ARM.Collect$$libinit$$0000001B)
    .ARM.Collect$$libinit$$0000001D          0x080001d2   Section        0  libinit2.o(.ARM.Collect$$libinit$$0000001D)
    .ARM.Collect$$libinit$$0000001F          0x080001d2   Section        0  libinit2.o(.ARM.Collect$$libinit$$0000001F)
    .ARM.Collect$$libinit$$00000021          0x080001d2   Section        0  libinit2.o(.ARM.Collect$$libinit$$00000021)
    .ARM.Collect$$libinit$$00000023          0x080001d2   Section        0  libinit2.o(.ARM.Collect$$libinit$$00000023)
    .ARM.Collect$$libinit$$00000025          0x080001d2   Section        0  libinit2.o(.ARM.Collect$$libinit$$00000025)
    .ARM.Collect$$libinit$$0000002C          0x080001d2   Section        0  libinit2.o(.ARM.Collect$$libinit$$0000002C)
    .ARM.Collect$$libinit$$0000002E          0x080001d2   Section        0  libinit2.o(.ARM.Collect$$libinit$$0000002E)
    .ARM.Collect$$libinit$$00000030          0x080001d2   Section        0  libinit2.o(.ARM.Collect$$libinit$$00000030)
    .ARM.Collect$$libinit$$00000032          0x080001d2   Section        0  libinit2.o(.ARM.Collect$$libinit$$00000032)
    .ARM.Collect$$libinit$$00000033          0x080001d2   Section        2  libinit2.o(.ARM.Collect$$libinit$$00000033)
    .ARM.Collect$$libshutdown$$00000000      0x080001d4   Section        2  libshutdown.o(.ARM.Collect$$libshutdown$$00000000)
    .ARM.Collect$$libshutdown$$00000002      0x080001d6   Section        0  libshutdown2.o(.ARM.Collect$$libshutdown$$00000002)
    .ARM.Collect$$libshutdown$$00000004      0x080001d6   Section        0  libshutdown2.o(.ARM.Collect$$libshutdown$$00000004)
    .ARM.Collect$$libshutdown$$00000007      0x080001d6   Section        0  libshutdown2.o(.ARM.Collect$$libshutdown$$00000007)
    .ARM.Collect$$libshutdown$$0000000A      0x080001d6   Section        0  libshutdown2.o(.ARM.Collect$$libshutdown$$0000000A)
    .ARM.Collect$$libshutdown$$0000000C      0x080001d6   Section        0  libshutdown2.o(.ARM.Collect$$libshutdown$$0000000C)
    .ARM.Collect$$libshutdown$$0000000F      0x080001d6   Section        0  libshutdown2.o(.ARM.Collect$$libshutdown$$0000000F)
    .ARM.Collect$$libshutdown$$00000010      0x080001d6   Section        2  libshutdown2.o(.ARM.Collect$$libshutdown$$00000010)
    .ARM.Collect$$rtentry$$00000000          0x080001d8   Section        0  __rtentry.o(.ARM.Collect$$rtentry$$00000000)
    .ARM.Collect$$rtentry$$00000002          0x080001d8   Section        0  __rtentry2.o(.ARM.Collect$$rtentry$$00000002)
    .ARM.Collect$$rtentry$$00000004          0x080001d8   Section        6  __rtentry4.o(.ARM.Collect$$rtentry$$00000004)
    .ARM.Collect$$rtentry$$00000009          0x080001de   Section        0  __rtentry2.o(.ARM.Collect$$rtentry$$00000009)
    .ARM.Collect$$rtentry$$0000000A          0x080001de   Section        4  __rtentry2.o(.ARM.Collect$$rtentry$$0000000A)
    .ARM.Collect$$rtentry$$0000000C          0x080001e2   Section        0  __rtentry2.o(.ARM.Collect$$rtentry$$0000000C)
    .ARM.Collect$$rtentry$$0000000D          0x080001e2   Section        8  __rtentry2.o(.ARM.Collect$$rtentry$$0000000D)
    .ARM.Collect$$rtexit$$00000000           0x080001ea   Section        2  rtexit.o(.ARM.Collect$$rtexit$$00000000)
    .ARM.Collect$$rtexit$$00000002           0x080001ec   Section        0  rtexit2.o(.ARM.Collect$$rtexit$$00000002)
    .ARM.Collect$$rtexit$$00000003           0x080001ec   Section        4  rtexit2.o(.ARM.Collect$$rtexit$$00000003)
    .ARM.Collect$$rtexit$$00000004           0x080001f0   Section        6  rtexit2.o(.ARM.Collect$$rtexit$$00000004)
    .text                                    0x080001f8   Section       64  startup_stm32f10x_md.o(.text)
    .text                                    0x08000238   Section        2  use_no_semi_2.o(.text)
    .text                                    0x0800023c   Section        0  noretval__2printf.o(.text)
    .text                                    0x08000254   Section        0  noretval__2sprintf.o(.text)
    .text                                    0x0800027c   Section        0  _printf_pad.o(.text)
    .text                                    0x080002ca   Section        0  _printf_str.o(.text)
    .text                                    0x0800031c   Section        0  _printf_dec.o(.text)
    .text                                    0x08000394   Section        0  __printf_flags_wp.o(.text)
    .text                                    0x080004cc   Section        0  heapauxi.o(.text)
    .text                                    0x080004d2   Section        2  use_no_semi.o(.text)
    .text                                    0x080004d4   Section        0  _printf_intcommon.o(.text)
    .text                                    0x08000586   Section        0  _printf_fp_dec.o(.text)
    _fp_digits                               0x08000589   Thumb Code   432  _printf_fp_dec.o(.text)
    .text                                    0x080009a4   Section        0  _printf_char_common.o(.text)
    _printf_input_char                       0x080009a5   Thumb Code    10  _printf_char_common.o(.text)
    .text                                    0x080009d4   Section        0  _sputc.o(.text)
    .text                                    0x080009de   Section        0  _printf_char.o(.text)
    .text                                    0x08000a0c   Section        0  _printf_char_file.o(.text)
    .text                                    0x08000a30   Section        8  rt_locale_intlibspace.o(.text)
    .text                                    0x08000a38   Section      138  lludiv10.o(.text)
    .text                                    0x08000ac4   Section        0  _printf_fp_infnan.o(.text)
    .text                                    0x08000b44   Section        0  bigflt0.o(.text)
    .text                                    0x08000c28   Section        0  ferror.o(.text)
    .text                                    0x08000c30   Section        8  libspace.o(.text)
    .text                                    0x08000c38   Section       74  sys_stackheap_outer.o(.text)
    .text                                    0x08000c82   Section        0  exit.o(.text)
    .text                                    0x08000c94   Section      128  strcmpv7m.o(.text)
    CL$$btod_d2e                             0x08000d14   Section       62  btod.o(CL$$btod_d2e)
    CL$$btod_d2e_denorm_low                  0x08000d52   Section       70  btod.o(CL$$btod_d2e_denorm_low)
    CL$$btod_d2e_norm_op1                    0x08000d98   Section       96  btod.o(CL$$btod_d2e_norm_op1)
    CL$$btod_div_common                      0x08000df8   Section      824  btod.o(CL$$btod_div_common)
    CL$$btod_e2e                             0x08001130   Section      220  btod.o(CL$$btod_e2e)
    CL$$btod_ediv                            0x0800120c   Section       42  btod.o(CL$$btod_ediv)
    CL$$btod_emul                            0x08001236   Section       42  btod.o(CL$$btod_emul)
    CL$$btod_mult_common                     0x08001260   Section      580  btod.o(CL$$btod_mult_common)
    i.ADC_Cmd                                0x080014a4   Section        0  stm32f10x_adc.o(i.ADC_Cmd)
    i.ADC_DeInit                             0x080014bc   Section        0  stm32f10x_adc.o(i.ADC_DeInit)
    i.ADC_GetCalibrationStatus               0x08001518   Section        0  stm32f10x_adc.o(i.ADC_GetCalibrationStatus)
    i.ADC_GetConversionValue                 0x0800152c   Section        0  stm32f10x_adc.o(i.ADC_GetConversionValue)
    i.ADC_GetFlagStatus                      0x08001534   Section        0  stm32f10x_adc.o(i.ADC_GetFlagStatus)
    i.ADC_GetResetCalibrationStatus          0x08001546   Section        0  stm32f10x_adc.o(i.ADC_GetResetCalibrationStatus)
    i.ADC_Init                               0x0800155c   Section        0  stm32f10x_adc.o(i.ADC_Init)
    i.ADC_RegularChannelConfig               0x080015ac   Section        0  stm32f10x_adc.o(i.ADC_RegularChannelConfig)
    i.ADC_ResetCalibration                   0x08001664   Section        0  stm32f10x_adc.o(i.ADC_ResetCalibration)
    i.ADC_SoftwareStartConvCmd               0x0800166e   Section        0  stm32f10x_adc.o(i.ADC_SoftwareStartConvCmd)
    i.ADC_StartCalibration                   0x08001684   Section        0  stm32f10x_adc.o(i.ADC_StartCalibration)
    i.Adc_Init                               0x08001690   Section        0  mq2.o(i.Adc_Init)
    i.BEEP_CONFIG                            0x0800171c   Section        0  beep.o(i.BEEP_CONFIG)
    i.BusFault_Handler                       0x08001750   Section        0  stm32f10x_it.o(i.BusFault_Handler)
    i.DebugMon_Handler                       0x08001754   Section        0  stm32f10x_it.o(i.DebugMon_Handler)
    i.EXTI3_IRQHandler                       0x08001758   Section        0  exti.o(i.EXTI3_IRQHandler)
    i.EXTI_ClearITPendingBit                 0x08001774   Section        0  stm32f10x_exti.o(i.EXTI_ClearITPendingBit)
    i.GPIO_Init                              0x08001780   Section        0  stm32f10x_gpio.o(i.GPIO_Init)
    i.GPIO_ReadInputDataBit                  0x08001896   Section        0  stm32f10x_gpio.o(i.GPIO_ReadInputDataBit)
    i.GPIO_ResetBits                         0x080018a8   Section        0  stm32f10x_gpio.o(i.GPIO_ResetBits)
    i.GPIO_SetBits                           0x080018ac   Section        0  stm32f10x_gpio.o(i.GPIO_SetBits)
    i.Get_Adc                                0x080018b0   Section        0  mq2.o(i.Get_Adc)
    i.Get_Adc_Average                        0x080018e4   Section        0  mq2.o(i.Get_Adc_Average)
    i.Get_Maopi                              0x08001914   Section        0  hx711.o(i.Get_Maopi)
    i.HX711_Read                             0x08001970   Section        0  hx711.o(i.HX711_Read)
    i.HardFault_Handler                      0x08001a00   Section        0  stm32f10x_it.o(i.HardFault_Handler)
    i.Init_HX711pin                          0x08001a04   Section        0  hx711.o(i.Init_HX711pin)
    i.LCD12864IO_Init                        0x08001a50   Section        0  lcd12864.o(i.LCD12864IO_Init)
    i.LCDInit                                0x08001aa4   Section        0  lcd12864.o(i.LCDInit)
    i.MemManage_Handler                      0x08001af4   Section        0  stm32f10x_it.o(i.MemManage_Handler)
    i.NMI_Handler                            0x08001af8   Section        0  stm32f10x_it.o(i.NMI_Handler)
    i.NVIC_Init                              0x08001afc   Section        0  misc.o(i.NVIC_Init)
    i.NVIC_PriorityGroupConfig               0x08001b6c   Section        0  misc.o(i.NVIC_PriorityGroupConfig)
    i.PendSV_Handler                         0x08001b80   Section        0  stm32f10x_it.o(i.PendSV_Handler)
    i.RCC_ADCCLKConfig                       0x08001b84   Section        0  stm32f10x_rcc.o(i.RCC_ADCCLKConfig)
    i.RCC_APB2PeriphClockCmd                 0x08001b9c   Section        0  stm32f10x_rcc.o(i.RCC_APB2PeriphClockCmd)
    i.RCC_APB2PeriphResetCmd                 0x08001bbc   Section        0  stm32f10x_rcc.o(i.RCC_APB2PeriphResetCmd)
    i.RCC_GetClocksFreq                      0x08001bdc   Section        0  stm32f10x_rcc.o(i.RCC_GetClocksFreq)
    i.SR501_CONFIG                           0x08001cb0   Section        0  sr501.o(i.SR501_CONFIG)
    i.SVC_Handler                            0x08001cdc   Section        0  stm32f10x_it.o(i.SVC_Handler)
    i.SetSysClock                            0x08001cde   Section        0  system_stm32f10x.o(i.SetSysClock)
    SetSysClock                              0x08001cdf   Thumb Code     8  system_stm32f10x.o(i.SetSysClock)
    i.SetSysClockTo72                        0x08001ce8   Section        0  system_stm32f10x.o(i.SetSysClockTo72)
    SetSysClockTo72                          0x08001ce9   Thumb Code   214  system_stm32f10x.o(i.SetSysClockTo72)
    i.ShowQQChar                             0x08001dc8   Section        0  lcd12864.o(i.ShowQQChar)
    i.SysTick_CLKSourceConfig                0x08001dfc   Section        0  misc.o(i.SysTick_CLKSourceConfig)
    i.SysTick_Handler                        0x08001e24   Section        0  stm32f10x_it.o(i.SysTick_Handler)
    i.SystemInit                             0x08001e28   Section        0  system_stm32f10x.o(i.SystemInit)
    i.USART1_IRQHandler                      0x08001e88   Section        0  usart.o(i.USART1_IRQHandler)
    i.USART_Cmd                              0x08001f10   Section        0  stm32f10x_usart.o(i.USART_Cmd)
    i.USART_GetITStatus                      0x08001f28   Section        0  stm32f10x_usart.o(i.USART_GetITStatus)
    i.USART_ITConfig                         0x08001f7c   Section        0  stm32f10x_usart.o(i.USART_ITConfig)
    i.USART_Init                             0x08001fc8   Section        0  stm32f10x_usart.o(i.USART_Init)
    i.USART_ReceiveData                      0x080020a0   Section        0  stm32f10x_usart.o(i.USART_ReceiveData)
    i.UsageFault_Handler                     0x080020aa   Section        0  stm32f10x_it.o(i.UsageFault_Handler)
    i.WRCommand                              0x080020b0   Section        0  lcd12864.o(i.WRCommand)
    i.WRData                                 0x080020f4   Section        0  lcd12864.o(i.WRData)
    i.__ARM_fpclassify                       0x0800212c   Section        0  fpclassify.o(i.__ARM_fpclassify)
    i._is_digit                              0x08002154   Section        0  __printf_wp.o(i._is_digit)
    i._sys_exit                              0x08002162   Section        0  usart.o(i._sys_exit)
    i.check_redsence                         0x08002168   Section        0  main.o(i.check_redsence)
    i.check_weight                           0x08002198   Section        0  main.o(i.check_weight)
    i.delay_init                             0x080021f4   Section        0  delay.o(i.delay_init)
    i.delay_ms                               0x08002238   Section        0  delay.o(i.delay_ms)
    i.delay_us                               0x08002284   Section        0  delay.o(i.delay_us)
    i.dht11_gpio_input                       0x080022d0   Section        0  dht11.o(i.dht11_gpio_input)
    i.dht11_gpio_output                      0x080022fc   Section        0  dht11.o(i.dht11_gpio_output)
    i.dht11_read_bit                         0x08002328   Section        0  dht11.o(i.dht11_read_bit)
    i.dht11_read_byte                        0x0800236c   Section        0  dht11.o(i.dht11_read_byte)
    i.dht11_read_data                        0x08002390   Section        0  dht11.o(i.dht11_read_data)
    i.dht11_reset                            0x08002400   Section        0  dht11.o(i.dht11_reset)
    i.dht11_scan                             0x08002434   Section        0  dht11.o(i.dht11_scan)
    i.fputc                                  0x08002448   Section        0  usart.o(i.fputc)
    i.lcd_display                            0x08002464   Section        0  main.o(i.lcd_display)
    i.main                                   0x0800248c   Section        0  main.o(i.main)
    i.set_dout_gpiomode                      0x080027c8   Section        0  hx711.o(i.set_dout_gpiomode)
    i.uart_init                              0x080027f8   Section        0  usart.o(i.uart_init)
    locale$$code                             0x08002898   Section       44  lc_numeric_c.o(locale$$code)
    x$fpl$dadd                               0x080028c4   Section      336  daddsub_clz.o(x$fpl$dadd)
    _dadd1                                   0x080028d5   Thumb Code     0  daddsub_clz.o(x$fpl$dadd)
    x$fpl$ddiv                               0x08002a14   Section      688  ddiv.o(x$fpl$ddiv)
    ddiv_entry                               0x08002a1b   Thumb Code     0  ddiv.o(x$fpl$ddiv)
    x$fpl$dfltu                              0x08002cc4   Section       38  dflt_clz.o(x$fpl$dfltu)
    x$fpl$dnaninf                            0x08002cea   Section      156  dnaninf.o(x$fpl$dnaninf)
    x$fpl$dretinf                            0x08002d86   Section       12  dretinf.o(x$fpl$dretinf)
    x$fpl$dsub                               0x08002d94   Section      468  daddsub_clz.o(x$fpl$dsub)
    _dsub1                                   0x08002da5   Thumb Code     0  daddsub_clz.o(x$fpl$dsub)
    x$fpl$fdiv                               0x08002f68   Section      388  fdiv.o(x$fpl$fdiv)
    _fdiv1                                   0x08002f69   Thumb Code     0  fdiv.o(x$fpl$fdiv)
    x$fpl$ffixu                              0x080030ec   Section       62  ffixu.o(x$fpl$ffixu)
    x$fpl$ffltu                              0x0800312c   Section       38  fflt_clz.o(x$fpl$ffltu)
    x$fpl$fnaninf                            0x08003152   Section      140  fnaninf.o(x$fpl$fnaninf)
    x$fpl$fretinf                            0x080031de   Section       10  fretinf.o(x$fpl$fretinf)
    x$fpl$printf1                            0x080031e8   Section        4  printf1.o(x$fpl$printf1)
    .constdata                               0x080031ec   Section       17  __printf_flags_wp.o(.constdata)
    x$fpl$usenofp                            0x080031ec   Section        0  usenofp.o(x$fpl$usenofp)
    maptable                                 0x080031ec   Data          17  __printf_flags_wp.o(.constdata)
    .constdata                               0x08003200   Section      148  bigflt0.o(.constdata)
    tenpwrs_x                                0x08003200   Data          60  bigflt0.o(.constdata)
    tenpwrs_i                                0x0800323c   Data          64  bigflt0.o(.constdata)
    locale$$data                             0x080032b4   Section       28  lc_numeric_c.o(locale$$data)
    __lcnum_c_name                           0x080032b8   Data           2  lc_numeric_c.o(locale$$data)
    __lcnum_c_start                          0x080032c0   Data           0  lc_numeric_c.o(locale$$data)
    __lcnum_c_point                          0x080032cc   Data           0  lc_numeric_c.o(locale$$data)
    __lcnum_c_thousands                      0x080032ce   Data           0  lc_numeric_c.o(locale$$data)
    __lcnum_c_grouping                       0x080032cf   Data           0  lc_numeric_c.o(locale$$data)
    __lcnum_c_end                            0x080032d0   Data           0  lc_numeric_c.o(locale$$data)
    .data                                    0x20000000   Section       20  system_stm32f10x.o(.data)
    .data                                    0x20000014   Section        4  delay.o(.data)
    fac_us                                   0x20000014   Data           1  delay.o(.data)
    fac_ms                                   0x20000016   Data           2  delay.o(.data)
    .data                                    0x20000018   Section        6  usart.o(.data)
    .data                                    0x2000001e   Section       20  stm32f10x_rcc.o(.data)
    APBAHBPrescTable                         0x2000001e   Data          16  stm32f10x_rcc.o(.data)
    ADCPrescTable                            0x2000002e   Data           4  stm32f10x_rcc.o(.data)
    .data                                    0x20000032   Section        1  exti.o(.data)
    .data                                    0x20000034   Section       13  hx711.o(.data)
    .bss                                     0x20000044   Section      200  usart.o(.bss)
    .bss                                     0x2000010c   Section       96  libspace.o(.bss)
    HEAP                                     0x20000170   Section      512  startup_stm32f10x_md.o(HEAP)
    Heap_Mem                                 0x20000170   Data         512  startup_stm32f10x_md.o(HEAP)
    STACK                                    0x20000370   Section     1024  startup_stm32f10x_md.o(STACK)
    Stack_Mem                                0x20000370   Data        1024  startup_stm32f10x_md.o(STACK)
    __initial_sp                             0x20000770   Data           0  startup_stm32f10x_md.o(STACK)

    Global Symbols

    Symbol Name                              Value     Ov Type        Size  Object(Section)

    BuildAttributes$$THM_ISAv4$P$D$K$B$S$PE$A:L22UL41UL21$X:L11$S22US41US21$IEEE1$IW$USESV6$~STKCKD$USESV7$~SHL$OTIME$ROPI$IEEEJ$EBA8$UX$STANDARDLIB$REQ8$PRES8$EABIv2 0x00000000   Number         0  anon$$obj.o ABSOLUTE
    __ARM_use_no_argv                        0x00000000   Number         0  main.o ABSOLUTE
    _printf_flags                            0x00000000   Number         0  printf_stubs.o ABSOLUTE
    _printf_return_value                     0x00000000   Number         0  printf_stubs.o ABSOLUTE
    _printf_sizespec                         0x00000000   Number         0  printf_stubs.o ABSOLUTE
    _printf_widthprec                        0x00000000   Number         0  printf_stubs.o ABSOLUTE
    __ARM_exceptions_init                     - Undefined Weak Reference
    __alloca_initialize                       - Undefined Weak Reference
    __arm_preinit_                            - Undefined Weak Reference
    __cpp_initialize__aeabi_                  - Undefined Weak Reference
    __cxa_finalize                            - Undefined Weak Reference
    __sigvec_lookup                           - Undefined Weak Reference
    _atexit_init                              - Undefined Weak Reference
    _call_atexit_fns                          - Undefined Weak Reference
    _clock_init                               - Undefined Weak Reference
    _fp_trap_init                             - Undefined Weak Reference
    _fp_trap_shutdown                         - Undefined Weak Reference
    _get_lc_collate                           - Undefined Weak Reference
    _get_lc_ctype                             - Undefined Weak Reference
    _get_lc_monetary                          - Undefined Weak Reference
    _get_lc_time                              - Undefined Weak Reference
    _getenv_init                              - Undefined Weak Reference
    _handle_redirection                       - Undefined Weak Reference
    _init_alloc                               - Undefined Weak Reference
    _init_user_alloc                          - Undefined Weak Reference
    _initio                                   - Undefined Weak Reference
    _mutex_acquire                            - Undefined Weak Reference
    _mutex_release                            - Undefined Weak Reference
    _printf_mbtowc                            - Undefined Weak Reference
    _printf_truncate_signed                   - Undefined Weak Reference
    _printf_truncate_unsigned                 - Undefined Weak Reference
    _rand_init                                - Undefined Weak Reference
    _signal_finish                            - Undefined Weak Reference
    _signal_init                              - Undefined Weak Reference
    _terminate_alloc                          - Undefined Weak Reference
    _terminate_user_alloc                     - Undefined Weak Reference
    _terminateio                              - Undefined Weak Reference
    __Vectors_Size                           0x00000130   Number         0  startup_stm32f10x_md.o ABSOLUTE
    __Vectors                                0x08000000   Data           4  startup_stm32f10x_md.o(RESET)
    __Vectors_End                            0x08000130   Data           0  startup_stm32f10x_md.o(RESET)
    __main                                   0x08000131   Thumb Code     8  __main.o(!!!main)
    __scatterload                            0x08000139   Thumb Code     0  __scatter.o(!!!scatter)
    __scatterload_rt2                        0x08000139   Thumb Code    44  __scatter.o(!!!scatter)
    __scatterload_rt2_thumb_only             0x08000139   Thumb Code     0  __scatter.o(!!!scatter)
    __scatterload_null                       0x08000147   Thumb Code     0  __scatter.o(!!!scatter)
    __scatterload_copy                       0x0800016d   Thumb Code    26  __scatter_copy.o(!!handler_copy)
    __scatterload_zeroinit                   0x08000189   Thumb Code    28  __scatter_zi.o(!!handler_zi)
    _printf_f                                0x080001a5   Thumb Code     0  _printf_f.o(.ARM.Collect$$_printf_percent$$00000003)
    _printf_percent                          0x080001a5   Thumb Code     0  _printf_percent.o(.ARM.Collect$$_printf_percent$$00000000)
    _printf_d                                0x080001ab   Thumb Code     0  _printf_d.o(.ARM.Collect$$_printf_percent$$00000009)
    _printf_c                                0x080001b1   Thumb Code     0  _printf_c.o(.ARM.Collect$$_printf_percent$$00000013)
    _printf_s                                0x080001b7   Thumb Code     0  _printf_s.o(.ARM.Collect$$_printf_percent$$00000014)
    _printf_percent_end                      0x080001bd   Thumb Code     0  _printf_percent_end.o(.ARM.Collect$$_printf_percent$$00000017)
    __rt_lib_init                            0x080001c1   Thumb Code     0  libinit.o(.ARM.Collect$$libinit$$00000000)
    __rt_lib_init_fp_1                       0x080001c3   Thumb Code     0  libinit2.o(.ARM.Collect$$libinit$$00000002)
    __rt_lib_init_heap_1                     0x080001c3   Thumb Code     0  libinit2.o(.ARM.Collect$$libinit$$0000000A)
    __rt_lib_init_lc_common                  0x080001c3   Thumb Code     0  libinit2.o(.ARM.Collect$$libinit$$0000000F)
    __rt_lib_init_preinit_1                  0x080001c3   Thumb Code     0  libinit2.o(.ARM.Collect$$libinit$$00000004)
    __rt_lib_init_rand_1                     0x080001c3   Thumb Code     0  libinit2.o(.ARM.Collect$$libinit$$0000000E)
    __rt_lib_init_user_alloc_1               0x080001c3   Thumb Code     0  libinit2.o(.ARM.Collect$$libinit$$0000000C)
    __rt_lib_init_lc_collate_1               0x080001c9   Thumb Code     0  libinit2.o(.ARM.Collect$$libinit$$00000011)
    __rt_lib_init_lc_ctype_1                 0x080001c9   Thumb Code     0  libinit2.o(.ARM.Collect$$libinit$$00000013)
    __rt_lib_init_lc_monetary_1              0x080001c9   Thumb Code     0  libinit2.o(.ARM.Collect$$libinit$$00000015)
    __rt_lib_init_lc_numeric_2               0x080001c9   Thumb Code     0  libinit2.o(.ARM.Collect$$libinit$$00000016)
    __rt_lib_init_alloca_1                   0x080001d3   Thumb Code     0  libinit2.o(.ARM.Collect$$libinit$$0000002E)
    __rt_lib_init_argv_1                     0x080001d3   Thumb Code     0  libinit2.o(.ARM.Collect$$libinit$$0000002C)
    __rt_lib_init_atexit_1                   0x080001d3   Thumb Code     0  libinit2.o(.ARM.Collect$$libinit$$0000001B)
    __rt_lib_init_clock_1                    0x080001d3   Thumb Code     0  libinit2.o(.ARM.Collect$$libinit$$00000021)
    __rt_lib_init_cpp_1                      0x080001d3   Thumb Code     0  libinit2.o(.ARM.Collect$$libinit$$00000032)
    __rt_lib_init_exceptions_1               0x080001d3   Thumb Code     0  libinit2.o(.ARM.Collect$$libinit$$00000030)
    __rt_lib_init_fp_trap_1                  0x080001d3   Thumb Code     0  libinit2.o(.ARM.Collect$$libinit$$0000001F)
    __rt_lib_init_getenv_1                   0x080001d3   Thumb Code     0  libinit2.o(.ARM.Collect$$libinit$$00000023)
    __rt_lib_init_lc_numeric_1               0x080001d3   Thumb Code     0  libinit2.o(.ARM.Collect$$libinit$$00000017)
    __rt_lib_init_lc_time_1                  0x080001d3   Thumb Code     0  libinit2.o(.ARM.Collect$$libinit$$00000019)
    __rt_lib_init_return                     0x080001d3   Thumb Code     0  libinit2.o(.ARM.Collect$$libinit$$00000033)
    __rt_lib_init_signal_1                   0x080001d3   Thumb Code     0  libinit2.o(.ARM.Collect$$libinit$$0000001D)
    __rt_lib_init_stdio_1                    0x080001d3   Thumb Code     0  libinit2.o(.ARM.Collect$$libinit$$00000025)
    __rt_lib_shutdown                        0x080001d5   Thumb Code     0  libshutdown.o(.ARM.Collect$$libshutdown$$00000000)
    __rt_lib_shutdown_cpp_1                  0x080001d7   Thumb Code     0  libshutdown2.o(.ARM.Collect$$libshutdown$$00000002)
    __rt_lib_shutdown_fp_trap_1              0x080001d7   Thumb Code     0  libshutdown2.o(.ARM.Collect$$libshutdown$$00000007)
    __rt_lib_shutdown_heap_1                 0x080001d7   Thumb Code     0  libshutdown2.o(.ARM.Collect$$libshutdown$$0000000F)
    __rt_lib_shutdown_return                 0x080001d7   Thumb Code     0  libshutdown2.o(.ARM.Collect$$libshutdown$$00000010)
    __rt_lib_shutdown_signal_1               0x080001d7   Thumb Code     0  libshutdown2.o(.ARM.Collect$$libshutdown$$0000000A)
    __rt_lib_shutdown_stdio_1                0x080001d7   Thumb Code     0  libshutdown2.o(.ARM.Collect$$libshutdown$$00000004)
    __rt_lib_shutdown_user_alloc_1           0x080001d7   Thumb Code     0  libshutdown2.o(.ARM.Collect$$libshutdown$$0000000C)
    __rt_entry                               0x080001d9   Thumb Code     0  __rtentry.o(.ARM.Collect$$rtentry$$00000000)
    __rt_entry_presh_1                       0x080001d9   Thumb Code     0  __rtentry2.o(.ARM.Collect$$rtentry$$00000002)
    __rt_entry_sh                            0x080001d9   Thumb Code     0  __rtentry4.o(.ARM.Collect$$rtentry$$00000004)
    __rt_entry_li                            0x080001df   Thumb Code     0  __rtentry2.o(.ARM.Collect$$rtentry$$0000000A)
    __rt_entry_postsh_1                      0x080001df   Thumb Code     0  __rtentry2.o(.ARM.Collect$$rtentry$$00000009)
    __rt_entry_main                          0x080001e3   Thumb Code     0  __rtentry2.o(.ARM.Collect$$rtentry$$0000000D)
    __rt_entry_postli_1                      0x080001e3   Thumb Code     0  __rtentry2.o(.ARM.Collect$$rtentry$$0000000C)
    __rt_exit                                0x080001eb   Thumb Code     0  rtexit.o(.ARM.Collect$$rtexit$$00000000)
    __rt_exit_ls                             0x080001ed   Thumb Code     0  rtexit2.o(.ARM.Collect$$rtexit$$00000003)
    __rt_exit_prels_1                        0x080001ed   Thumb Code     0  rtexit2.o(.ARM.Collect$$rtexit$$00000002)
    __rt_exit_exit                           0x080001f1   Thumb Code     0  rtexit2.o(.ARM.Collect$$rtexit$$00000004)
    Reset_Handler                            0x080001f9   Thumb Code     8  startup_stm32f10x_md.o(.text)
    ADC1_2_IRQHandler                        0x08000213   Thumb Code     0  startup_stm32f10x_md.o(.text)
    ADC3_IRQHandler                          0x08000213   Thumb Code     0  startup_stm32f10x_md.o(.text)
    CAN1_RX1_IRQHandler                      0x08000213   Thumb Code     0  startup_stm32f10x_md.o(.text)
    CAN1_SCE_IRQHandler                      0x08000213   Thumb Code     0  startup_stm32f10x_md.o(.text)
    DMA1_Channel1_IRQHandler                 0x08000213   Thumb Code     0  startup_stm32f10x_md.o(.text)
    DMA1_Channel2_IRQHandler                 0x08000213   Thumb Code     0  startup_stm32f10x_md.o(.text)
    DMA1_Channel3_IRQHandler                 0x08000213   Thumb Code     0  startup_stm32f10x_md.o(.text)
    DMA1_Channel4_IRQHandler                 0x08000213   Thumb Code     0  startup_stm32f10x_md.o(.text)
    DMA1_Channel5_IRQHandler                 0x08000213   Thumb Code     0  startup_stm32f10x_md.o(.text)
    DMA1_Channel6_IRQHandler                 0x08000213   Thumb Code     0  startup_stm32f10x_md.o(.text)
    DMA1_Channel7_IRQHandler                 0x08000213   Thumb Code     0  startup_stm32f10x_md.o(.text)
    DMA2_Channel1_IRQHandler                 0x08000213   Thumb Code     0  startup_stm32f10x_md.o(.text)
    DMA2_Channel2_IRQHandler                 0x08000213   Thumb Code     0  startup_stm32f10x_md.o(.text)
    DMA2_Channel3_IRQHandler                 0x08000213   Thumb Code     0  startup_stm32f10x_md.o(.text)
    DMA2_Channel4_5_IRQHandler               0x08000213   Thumb Code     0  startup_stm32f10x_md.o(.text)
    EXTI0_IRQHandler                         0x08000213   Thumb Code     0  startup_stm32f10x_md.o(.text)
    EXTI15_10_IRQHandler                     0x08000213   Thumb Code     0  startup_stm32f10x_md.o(.text)
    EXTI1_IRQHandler                         0x08000213   Thumb Code     0  startup_stm32f10x_md.o(.text)
    EXTI2_IRQHandler                         0x08000213   Thumb Code     0  startup_stm32f10x_md.o(.text)
    EXTI4_IRQHandler                         0x08000213   Thumb Code     0  startup_stm32f10x_md.o(.text)
    EXTI9_5_IRQHandler                       0x08000213   Thumb Code     0  startup_stm32f10x_md.o(.text)
    FLASH_IRQHandler                         0x08000213   Thumb Code     0  startup_stm32f10x_md.o(.text)
    FSMC_IRQHandler                          0x08000213   Thumb Code     0  startup_stm32f10x_md.o(.text)
    I2C1_ER_IRQHandler                       0x08000213   Thumb Code     0  startup_stm32f10x_md.o(.text)
    I2C1_EV_IRQHandler                       0x08000213   Thumb Code     0  startup_stm32f10x_md.o(.text)
    I2C2_ER_IRQHandler                       0x08000213   Thumb Code     0  startup_stm32f10x_md.o(.text)
    I2C2_EV_IRQHandler                       0x08000213   Thumb Code     0  startup_stm32f10x_md.o(.text)
    PVD_IRQHandler                           0x08000213   Thumb Code     0  startup_stm32f10x_md.o(.text)
    RCC_IRQHandler                           0x08000213   Thumb Code     0  startup_stm32f10x_md.o(.text)
    RTCAlarm_IRQHandler                      0x08000213   Thumb Code     0  startup_stm32f10x_md.o(.text)
    RTC_IRQHandler                           0x08000213   Thumb Code     0  startup_stm32f10x_md.o(.text)
    SDIO_IRQHandler                          0x08000213   Thumb Code     0  startup_stm32f10x_md.o(.text)
    SPI1_IRQHandler                          0x08000213   Thumb Code     0  startup_stm32f10x_md.o(.text)
    SPI2_IRQHandler                          0x08000213   Thumb Code     0  startup_stm32f10x_md.o(.text)
    SPI3_IRQHandler                          0x08000213   Thumb Code     0  startup_stm32f10x_md.o(.text)
    TAMPER_IRQHandler                        0x08000213   Thumb Code     0  startup_stm32f10x_md.o(.text)
    TIM1_BRK_IRQHandler                      0x08000213   Thumb Code     0  startup_stm32f10x_md.o(.text)
    TIM1_CC_IRQHandler                       0x08000213   Thumb Code     0  startup_stm32f10x_md.o(.text)
    TIM1_TRG_COM_IRQHandler                  0x08000213   Thumb Code     0  startup_stm32f10x_md.o(.text)
    TIM1_UP_IRQHandler                       0x08000213   Thumb Code     0  startup_stm32f10x_md.o(.text)
    TIM2_IRQHandler                          0x08000213   Thumb Code     0  startup_stm32f10x_md.o(.text)
    TIM3_IRQHandler                          0x08000213   Thumb Code     0  startup_stm32f10x_md.o(.text)
    TIM4_IRQHandler                          0x08000213   Thumb Code     0  startup_stm32f10x_md.o(.text)
    TIM5_IRQHandler                          0x08000213   Thumb Code     0  startup_stm32f10x_md.o(.text)
    TIM6_IRQHandler                          0x08000213   Thumb Code     0  startup_stm32f10x_md.o(.text)
    TIM7_IRQHandler                          0x08000213   Thumb Code     0  startup_stm32f10x_md.o(.text)
    TIM8_BRK_IRQHandler                      0x08000213   Thumb Code     0  startup_stm32f10x_md.o(.text)
    TIM8_CC_IRQHandler                       0x08000213   Thumb Code     0  startup_stm32f10x_md.o(.text)
    TIM8_TRG_COM_IRQHandler                  0x08000213   Thumb Code     0  startup_stm32f10x_md.o(.text)
    TIM8_UP_IRQHandler                       0x08000213   Thumb Code     0  startup_stm32f10x_md.o(.text)
    UART4_IRQHandler                         0x08000213   Thumb Code     0  startup_stm32f10x_md.o(.text)
    UART5_IRQHandler                         0x08000213   Thumb Code     0  startup_stm32f10x_md.o(.text)
    USART2_IRQHandler                        0x08000213   Thumb Code     0  startup_stm32f10x_md.o(.text)
    USART3_IRQHandler                        0x08000213   Thumb Code     0  startup_stm32f10x_md.o(.text)
    USBWakeUp_IRQHandler                     0x08000213   Thumb Code     0  startup_stm32f10x_md.o(.text)
    USB_HP_CAN1_TX_IRQHandler                0x08000213   Thumb Code     0  startup_stm32f10x_md.o(.text)
    USB_LP_CAN1_RX0_IRQHandler               0x08000213   Thumb Code     0  startup_stm32f10x_md.o(.text)
    WWDG_IRQHandler                          0x08000213   Thumb Code     0  startup_stm32f10x_md.o(.text)
    __user_initial_stackheap                 0x08000215   Thumb Code     0  startup_stm32f10x_md.o(.text)
    __use_no_semihosting                     0x08000239   Thumb Code     2  use_no_semi_2.o(.text)
    __2printf                                0x0800023d   Thumb Code    20  noretval__2printf.o(.text)
    __2sprintf                               0x08000255   Thumb Code    34  noretval__2sprintf.o(.text)
    _printf_pre_padding                      0x0800027d   Thumb Code    44  _printf_pad.o(.text)
    _printf_post_padding                     0x080002a9   Thumb Code    34  _printf_pad.o(.text)
    _printf_str                              0x080002cb   Thumb Code    82  _printf_str.o(.text)
    _printf_int_dec                          0x0800031d   Thumb Code   104  _printf_dec.o(.text)
    __printf                                 0x08000395   Thumb Code   308  __printf_flags_wp.o(.text)
    __use_two_region_memory                  0x080004cd   Thumb Code     2  heapauxi.o(.text)
    __rt_heap_escrow$2region                 0x080004cf   Thumb Code     2  heapauxi.o(.text)
    __rt_heap_expand$2region                 0x080004d1   Thumb Code     2  heapauxi.o(.text)
    __I$use$semihosting                      0x080004d3   Thumb Code     0  use_no_semi.o(.text)
    __use_no_semihosting_swi                 0x080004d3   Thumb Code     2  use_no_semi.o(.text)
    _printf_int_common                       0x080004d5   Thumb Code   178  _printf_intcommon.o(.text)
    __lib_sel_fp_printf                      0x08000587   Thumb Code     2  _printf_fp_dec.o(.text)
    _printf_fp_dec_real                      0x08000739   Thumb Code   620  _printf_fp_dec.o(.text)
    _printf_char_common                      0x080009af   Thumb Code    32  _printf_char_common.o(.text)
    _sputc                                   0x080009d5   Thumb Code    10  _sputc.o(.text)
    _printf_cs_common                        0x080009df   Thumb Code    20  _printf_char.o(.text)
    _printf_char                             0x080009f3   Thumb Code    16  _printf_char.o(.text)
    _printf_string                           0x08000a03   Thumb Code     8  _printf_char.o(.text)
    _printf_char_file                        0x08000a0d   Thumb Code    32  _printf_char_file.o(.text)
    __rt_locale                              0x08000a31   Thumb Code     8  rt_locale_intlibspace.o(.text)
    _ll_udiv10                               0x08000a39   Thumb Code   138  lludiv10.o(.text)
    _printf_fp_infnan                        0x08000ac5   Thumb Code   112  _printf_fp_infnan.o(.text)
    _btod_etento                             0x08000b45   Thumb Code   224  bigflt0.o(.text)
    ferror                                   0x08000c29   Thumb Code     8  ferror.o(.text)
    __user_libspace                          0x08000c31   Thumb Code     8  libspace.o(.text)
    __user_perproc_libspace                  0x08000c31   Thumb Code     0  libspace.o(.text)
    __user_perthread_libspace                0x08000c31   Thumb Code     0  libspace.o(.text)
    __user_setup_stackheap                   0x08000c39   Thumb Code    74  sys_stackheap_outer.o(.text)
    exit                                     0x08000c83   Thumb Code    18  exit.o(.text)
    strcmp                                   0x08000c95   Thumb Code   128  strcmpv7m.o(.text)
    _btod_d2e                                0x08000d15   Thumb Code    62  btod.o(CL$$btod_d2e)
    _d2e_denorm_low                          0x08000d53   Thumb Code    70  btod.o(CL$$btod_d2e_denorm_low)
    _d2e_norm_op1                            0x08000d99   Thumb Code    96  btod.o(CL$$btod_d2e_norm_op1)
    __btod_div_common                        0x08000df9   Thumb Code   696  btod.o(CL$$btod_div_common)
    _e2e                                     0x08001131   Thumb Code   220  btod.o(CL$$btod_e2e)
    _btod_ediv                               0x0800120d   Thumb Code    42  btod.o(CL$$btod_ediv)
    _btod_emul                               0x08001237   Thumb Code    42  btod.o(CL$$btod_emul)
    __btod_mult_common                       0x08001261   Thumb Code   580  btod.o(CL$$btod_mult_common)
    ADC_Cmd                                  0x080014a5   Thumb Code    22  stm32f10x_adc.o(i.ADC_Cmd)
    ADC_DeInit                               0x080014bd   Thumb Code    78  stm32f10x_adc.o(i.ADC_DeInit)
    ADC_GetCalibrationStatus                 0x08001519   Thumb Code    20  stm32f10x_adc.o(i.ADC_GetCalibrationStatus)
    ADC_GetConversionValue                   0x0800152d   Thumb Code     8  stm32f10x_adc.o(i.ADC_GetConversionValue)
    ADC_GetFlagStatus                        0x08001535   Thumb Code    18  stm32f10x_adc.o(i.ADC_GetFlagStatus)
    ADC_GetResetCalibrationStatus            0x08001547   Thumb Code    20  stm32f10x_adc.o(i.ADC_GetResetCalibrationStatus)
    ADC_Init                                 0x0800155d   Thumb Code    70  stm32f10x_adc.o(i.ADC_Init)
    ADC_RegularChannelConfig                 0x080015ad   Thumb Code   184  stm32f10x_adc.o(i.ADC_RegularChannelConfig)
    ADC_ResetCalibration                     0x08001665   Thumb Code    10  stm32f10x_adc.o(i.ADC_ResetCalibration)
    ADC_SoftwareStartConvCmd                 0x0800166f   Thumb Code    22  stm32f10x_adc.o(i.ADC_SoftwareStartConvCmd)
    ADC_StartCalibration                     0x08001685   Thumb Code    10  stm32f10x_adc.o(i.ADC_StartCalibration)
    Adc_Init                                 0x08001691   Thumb Code   132  mq2.o(i.Adc_Init)
    BEEP_CONFIG                              0x0800171d   Thumb Code    48  beep.o(i.BEEP_CONFIG)
    BusFault_Handler                         0x08001751   Thumb Code     4  stm32f10x_it.o(i.BusFault_Handler)
    DebugMon_Handler                         0x08001755   Thumb Code     2  stm32f10x_it.o(i.DebugMon_Handler)
    EXTI3_IRQHandler                         0x08001759   Thumb Code    22  exti.o(i.EXTI3_IRQHandler)
    EXTI_ClearITPendingBit                   0x08001775   Thumb Code     6  stm32f10x_exti.o(i.EXTI_ClearITPendingBit)
    GPIO_Init                                0x08001781   Thumb Code   278  stm32f10x_gpio.o(i.GPIO_Init)
    GPIO_ReadInputDataBit                    0x08001897   Thumb Code    18  stm32f10x_gpio.o(i.GPIO_ReadInputDataBit)
    GPIO_ResetBits                           0x080018a9   Thumb Code     4  stm32f10x_gpio.o(i.GPIO_ResetBits)
    GPIO_SetBits                             0x080018ad   Thumb Code     4  stm32f10x_gpio.o(i.GPIO_SetBits)
    Get_Adc                                  0x080018b1   Thumb Code    46  mq2.o(i.Get_Adc)
    Get_Adc_Average                          0x080018e5   Thumb Code    46  mq2.o(i.Get_Adc_Average)
    Get_Maopi                                0x08001915   Thumb Code    78  hx711.o(i.Get_Maopi)
    HX711_Read                               0x08001971   Thumb Code   134  hx711.o(i.HX711_Read)
    HardFault_Handler                        0x08001a01   Thumb Code     4  stm32f10x_it.o(i.HardFault_Handler)
    Init_HX711pin                            0x08001a05   Thumb Code    72  hx711.o(i.Init_HX711pin)
    LCD12864IO_Init                          0x08001a51   Thumb Code    76  lcd12864.o(i.LCD12864IO_Init)
    LCDInit                                  0x08001aa5   Thumb Code    72  lcd12864.o(i.LCDInit)
    MemManage_Handler                        0x08001af5   Thumb Code     4  stm32f10x_it.o(i.MemManage_Handler)
    NMI_Handler                              0x08001af9   Thumb Code     2  stm32f10x_it.o(i.NMI_Handler)
    NVIC_Init                                0x08001afd   Thumb Code   100  misc.o(i.NVIC_Init)
    NVIC_PriorityGroupConfig                 0x08001b6d   Thumb Code    10  misc.o(i.NVIC_PriorityGroupConfig)
    PendSV_Handler                           0x08001b81   Thumb Code     2  stm32f10x_it.o(i.PendSV_Handler)
    RCC_ADCCLKConfig                         0x08001b85   Thumb Code    18  stm32f10x_rcc.o(i.RCC_ADCCLKConfig)
    RCC_APB2PeriphClockCmd                   0x08001b9d   Thumb Code    26  stm32f10x_rcc.o(i.RCC_APB2PeriphClockCmd)
    RCC_APB2PeriphResetCmd                   0x08001bbd   Thumb Code    26  stm32f10x_rcc.o(i.RCC_APB2PeriphResetCmd)
    RCC_GetClocksFreq                        0x08001bdd   Thumb Code   192  stm32f10x_rcc.o(i.RCC_GetClocksFreq)
    SR501_CONFIG                             0x08001cb1   Thumb Code    38  sr501.o(i.SR501_CONFIG)
    SVC_Handler                              0x08001cdd   Thumb Code     2  stm32f10x_it.o(i.SVC_Handler)
    ShowQQChar                               0x08001dc9   Thumb Code    52  lcd12864.o(i.ShowQQChar)
    SysTick_CLKSourceConfig                  0x08001dfd   Thumb Code    40  misc.o(i.SysTick_CLKSourceConfig)
    SysTick_Handler                          0x08001e25   Thumb Code     2  stm32f10x_it.o(i.SysTick_Handler)
    SystemInit                               0x08001e29   Thumb Code    78  system_stm32f10x.o(i.SystemInit)
    USART1_IRQHandler                        0x08001e89   Thumb Code   122  usart.o(i.USART1_IRQHandler)
    USART_Cmd                                0x08001f11   Thumb Code    24  stm32f10x_usart.o(i.USART_Cmd)
    USART_GetITStatus                        0x08001f29   Thumb Code    84  stm32f10x_usart.o(i.USART_GetITStatus)
    USART_ITConfig                           0x08001f7d   Thumb Code    74  stm32f10x_usart.o(i.USART_ITConfig)
    USART_Init                               0x08001fc9   Thumb Code   210  stm32f10x_usart.o(i.USART_Init)
    USART_ReceiveData                        0x080020a1   Thumb Code    10  stm32f10x_usart.o(i.USART_ReceiveData)
    UsageFault_Handler                       0x080020ab   Thumb Code     4  stm32f10x_it.o(i.UsageFault_Handler)
    WRCommand                                0x080020b1   Thumb Code    54  lcd12864.o(i.WRCommand)
    WRData                                   0x080020f5   Thumb Code    44  lcd12864.o(i.WRData)
    __ARM_fpclassify                         0x0800212d   Thumb Code    40  fpclassify.o(i.__ARM_fpclassify)
    _is_digit                                0x08002155   Thumb Code    14  __printf_wp.o(i._is_digit)
    _sys_exit                                0x08002163   Thumb Code     6  usart.o(i._sys_exit)
    check_redsence                           0x08002169   Thumb Code    30  main.o(i.check_redsence)
    check_weight                             0x08002199   Thumb Code    60  main.o(i.check_weight)
    delay_init                               0x080021f5   Thumb Code    50  delay.o(i.delay_init)
    delay_ms                                 0x08002239   Thumb Code    72  delay.o(i.delay_ms)
    delay_us                                 0x08002285   Thumb Code    72  delay.o(i.delay_us)
    dht11_gpio_input                         0x080022d1   Thumb Code    40  dht11.o(i.dht11_gpio_input)
    dht11_gpio_output                        0x080022fd   Thumb Code    40  dht11.o(i.dht11_gpio_output)
    dht11_read_bit                           0x08002329   Thumb Code    62  dht11.o(i.dht11_read_bit)
    dht11_read_byte                          0x0800236d   Thumb Code    34  dht11.o(i.dht11_read_byte)
    dht11_read_data                          0x08002391   Thumb Code   108  dht11.o(i.dht11_read_data)
    dht11_reset                              0x08002401   Thumb Code    46  dht11.o(i.dht11_reset)
    dht11_scan                               0x08002435   Thumb Code    14  dht11.o(i.dht11_scan)
    fputc                                    0x08002449   Thumb Code    24  usart.o(i.fputc)
    lcd_display                              0x08002465   Thumb Code    36  main.o(i.lcd_display)
    main                                     0x0800248d   Thumb Code   712  main.o(i.main)
    set_dout_gpiomode                        0x080027c9   Thumb Code    44  hx711.o(i.set_dout_gpiomode)
    uart_init                                0x080027f9   Thumb Code   152  usart.o(i.uart_init)
    _get_lc_numeric                          0x08002899   Thumb Code    44  lc_numeric_c.o(locale$$code)
    __aeabi_dadd                             0x080028c5   Thumb Code     0  daddsub_clz.o(x$fpl$dadd)
    _dadd                                    0x080028c5   Thumb Code   332  daddsub_clz.o(x$fpl$dadd)
    __aeabi_ddiv                             0x08002a15   Thumb Code     0  ddiv.o(x$fpl$ddiv)
    _ddiv                                    0x08002a15   Thumb Code   552  ddiv.o(x$fpl$ddiv)
    __aeabi_ui2d                             0x08002cc5   Thumb Code     0  dflt_clz.o(x$fpl$dfltu)
    _dfltu                                   0x08002cc5   Thumb Code    38  dflt_clz.o(x$fpl$dfltu)
    __fpl_dnaninf                            0x08002ceb   Thumb Code   156  dnaninf.o(x$fpl$dnaninf)
    __fpl_dretinf                            0x08002d87   Thumb Code    12  dretinf.o(x$fpl$dretinf)
    __aeabi_dsub                             0x08002d95   Thumb Code     0  daddsub_clz.o(x$fpl$dsub)
    _dsub                                    0x08002d95   Thumb Code   464  daddsub_clz.o(x$fpl$dsub)
    __aeabi_fdiv                             0x08002f69   Thumb Code     0  fdiv.o(x$fpl$fdiv)
    _fdiv                                    0x08002f69   Thumb Code   384  fdiv.o(x$fpl$fdiv)
    __aeabi_f2uiz                            0x080030ed   Thumb Code     0  ffixu.o(x$fpl$ffixu)
    _ffixu                                   0x080030ed   Thumb Code    62  ffixu.o(x$fpl$ffixu)
    __aeabi_ui2f                             0x0800312d   Thumb Code     0  fflt_clz.o(x$fpl$ffltu)
    _ffltu                                   0x0800312d   Thumb Code    38  fflt_clz.o(x$fpl$ffltu)
    __fpl_fnaninf                            0x08003153   Thumb Code   140  fnaninf.o(x$fpl$fnaninf)
    __fpl_fretinf                            0x080031df   Thumb Code    10  fretinf.o(x$fpl$fretinf)
    _printf_fp_dec                           0x080031e9   Thumb Code     4  printf1.o(x$fpl$printf1)
    __I$use$fp                               0x080031ec   Number         0  usenofp.o(x$fpl$usenofp)
    Region$$Table$$Base                      0x08003294   Number         0  anon$$obj.o(Region$$Table)
    Region$$Table$$Limit                     0x080032b4   Number         0  anon$$obj.o(Region$$Table)
    SystemCoreClock                          0x20000000   Data           4  system_stm32f10x.o(.data)
    AHBPrescTable                            0x20000004   Data          16  system_stm32f10x.o(.data)
    __stdout                                 0x20000018   Data           4  usart.o(.data)
    USART_RX_STA                             0x2000001c   Data           2  usart.o(.data)
    redsence_flag                            0x20000032   Data           1  exti.o(.data)
    HX711_Buffer                             0x20000034   Data           4  hx711.o(.data)
    Weight_Maopi                             0x20000038   Data           4  hx711.o(.data)
    Weight_Shiwu                             0x2000003c   Data           4  hx711.o(.data)
    Flag_Error                               0x20000040   Data           1  hx711.o(.data)
    USART_RX_BUF                             0x20000044   Data         200  usart.o(.bss)
    __libspace_start                         0x2000010c   Data          96  libspace.o(.bss)
    __temporary_stack_top$libspace           0x2000016c   Data           0  libspace.o(.bss)



==============================================================================

Memory Map of the image

  Image Entry point : 0x080001f9

  Load Region LR_1 (Base: 0x08000000, Size: 0x00003314, Max: 0xffffffff, ABSOLUTE)

    Execution Region ER_RO (Exec base: 0x08000000, Load base: 0x08000000, Size: 0x000032d0, Max: 0xffffffff, ABSOLUTE)

    Exec Addr    Load Addr    Size         Type   Attr      Idx    E Section Name        Object

    0x08000000   0x08000000   0x00000130   Data   RO          391    RESET               startup_stm32f10x_md.o
    0x08000130   0x08000130   0x00000008   Code   RO         3636  * !!!main             c_w.l(__main.o)
    0x08000138   0x08000138   0x00000034   Code   RO         3894    !!!scatter          c_w.l(__scatter.o)
    0x0800016c   0x0800016c   0x0000001a   Code   RO         3896    !!handler_copy      c_w.l(__scatter_copy.o)
    0x08000186   0x08000186   0x00000002   PAD
    0x08000188   0x08000188   0x0000001c   Code   RO         3898    !!handler_zi        c_w.l(__scatter_zi.o)
    0x080001a4   0x080001a4   0x00000000   Code   RO         3633    .ARM.Collect$$_printf_percent$$00000000  c_w.l(_printf_percent.o)
    0x080001a4   0x080001a4   0x00000006   Code   RO         3632    .ARM.Collect$$_printf_percent$$00000003  c_w.l(_printf_f.o)
    0x080001aa   0x080001aa   0x00000006   Code   RO         3631    .ARM.Collect$$_printf_percent$$00000009  c_w.l(_printf_d.o)
    0x080001b0   0x080001b0   0x00000006   Code   RO         3629    .ARM.Collect$$_printf_percent$$00000013  c_w.l(_printf_c.o)
    0x080001b6   0x080001b6   0x00000006   Code   RO         3630    .ARM.Collect$$_printf_percent$$00000014  c_w.l(_printf_s.o)
    0x080001bc   0x080001bc   0x00000004   Code   RO         3685    .ARM.Collect$$_printf_percent$$00000017  c_w.l(_printf_percent_end.o)
    0x080001c0   0x080001c0   0x00000002   Code   RO         3771    .ARM.Collect$$libinit$$00000000  c_w.l(libinit.o)
    0x080001c2   0x080001c2   0x00000000   Code   RO         3773    .ARM.Collect$$libinit$$00000002  c_w.l(libinit2.o)
    0x080001c2   0x080001c2   0x00000000   Code   RO         3775    .ARM.Collect$$libinit$$00000004  c_w.l(libinit2.o)
    0x080001c2   0x080001c2   0x00000000   Code   RO         3778    .ARM.Collect$$libinit$$0000000A  c_w.l(libinit2.o)
    0x080001c2   0x080001c2   0x00000000   Code   RO         3780    .ARM.Collect$$libinit$$0000000C  c_w.l(libinit2.o)
    0x080001c2   0x080001c2   0x00000000   Code   RO         3782    .ARM.Collect$$libinit$$0000000E  c_w.l(libinit2.o)
    0x080001c2   0x080001c2   0x00000006   Code   RO         3783    .ARM.Collect$$libinit$$0000000F  c_w.l(libinit2.o)
    0x080001c8   0x080001c8   0x00000000   Code   RO         3785    .ARM.Collect$$libinit$$00000011  c_w.l(libinit2.o)
    0x080001c8   0x080001c8   0x00000000   Code   RO         3787    .ARM.Collect$$libinit$$00000013  c_w.l(libinit2.o)
    0x080001c8   0x080001c8   0x00000000   Code   RO         3789    .ARM.Collect$$libinit$$00000015  c_w.l(libinit2.o)
    0x080001c8   0x080001c8   0x0000000a   Code   RO         3790    .ARM.Collect$$libinit$$00000016  c_w.l(libinit2.o)
    0x080001d2   0x080001d2   0x00000000   Code   RO         3791    .ARM.Collect$$libinit$$00000017  c_w.l(libinit2.o)
    0x080001d2   0x080001d2   0x00000000   Code   RO         3793    .ARM.Collect$$libinit$$00000019  c_w.l(libinit2.o)
    0x080001d2   0x080001d2   0x00000000   Code   RO         3795    .ARM.Collect$$libinit$$0000001B  c_w.l(libinit2.o)
    0x080001d2   0x080001d2   0x00000000   Code   RO         3797    .ARM.Collect$$libinit$$0000001D  c_w.l(libinit2.o)
    0x080001d2   0x080001d2   0x00000000   Code   RO         3799    .ARM.Collect$$libinit$$0000001F  c_w.l(libinit2.o)
    0x080001d2   0x080001d2   0x00000000   Code   RO         3801    .ARM.Collect$$libinit$$00000021  c_w.l(libinit2.o)
    0x080001d2   0x080001d2   0x00000000   Code   RO         3803    .ARM.Collect$$libinit$$00000023  c_w.l(libinit2.o)
    0x080001d2   0x080001d2   0x00000000   Code   RO         3805    .ARM.Collect$$libinit$$00000025  c_w.l(libinit2.o)
    0x080001d2   0x080001d2   0x00000000   Code   RO         3809    .ARM.Collect$$libinit$$0000002C  c_w.l(libinit2.o)
    0x080001d2   0x080001d2   0x00000000   Code   RO         3811    .ARM.Collect$$libinit$$0000002E  c_w.l(libinit2.o)
    0x080001d2   0x080001d2   0x00000000   Code   RO         3813    .ARM.Collect$$libinit$$00000030  c_w.l(libinit2.o)
    0x080001d2   0x080001d2   0x00000000   Code   RO         3815    .ARM.Collect$$libinit$$00000032  c_w.l(libinit2.o)
    0x080001d2   0x080001d2   0x00000002   Code   RO         3816    .ARM.Collect$$libinit$$00000033  c_w.l(libinit2.o)
    0x080001d4   0x080001d4   0x00000002   Code   RO         3844    .ARM.Collect$$libshutdown$$00000000  c_w.l(libshutdown.o)
    0x080001d6   0x080001d6   0x00000000   Code   RO         3853    .ARM.Collect$$libshutdown$$00000002  c_w.l(libshutdown2.o)
    0x080001d6   0x080001d6   0x00000000   Code   RO         3855    .ARM.Collect$$libshutdown$$00000004  c_w.l(libshutdown2.o)
    0x080001d6   0x080001d6   0x00000000   Code   RO         3858    .ARM.Collect$$libshutdown$$00000007  c_w.l(libshutdown2.o)
    0x080001d6   0x080001d6   0x00000000   Code   RO         3861    .ARM.Collect$$libshutdown$$0000000A  c_w.l(libshutdown2.o)
    0x080001d6   0x080001d6   0x00000000   Code   RO         3863    .ARM.Collect$$libshutdown$$0000000C  c_w.l(libshutdown2.o)
    0x080001d6   0x080001d6   0x00000000   Code   RO         3866    .ARM.Collect$$libshutdown$$0000000F  c_w.l(libshutdown2.o)
    0x080001d6   0x080001d6   0x00000002   Code   RO         3867    .ARM.Collect$$libshutdown$$00000010  c_w.l(libshutdown2.o)
    0x080001d8   0x080001d8   0x00000000   Code   RO         3672    .ARM.Collect$$rtentry$$00000000  c_w.l(__rtentry.o)
    0x080001d8   0x080001d8   0x00000000   Code   RO         3696    .ARM.Collect$$rtentry$$00000002  c_w.l(__rtentry2.o)
    0x080001d8   0x080001d8   0x00000006   Code   RO         3708    .ARM.Collect$$rtentry$$00000004  c_w.l(__rtentry4.o)
    0x080001de   0x080001de   0x00000000   Code   RO         3698    .ARM.Collect$$rtentry$$00000009  c_w.l(__rtentry2.o)
    0x080001de   0x080001de   0x00000004   Code   RO         3699    .ARM.Collect$$rtentry$$0000000A  c_w.l(__rtentry2.o)
    0x080001e2   0x080001e2   0x00000000   Code   RO         3701    .ARM.Collect$$rtentry$$0000000C  c_w.l(__rtentry2.o)
    0x080001e2   0x080001e2   0x00000008   Code   RO         3702    .ARM.Collect$$rtentry$$0000000D  c_w.l(__rtentry2.o)
    0x080001ea   0x080001ea   0x00000002   Code   RO         3817    .ARM.Collect$$rtexit$$00000000  c_w.l(rtexit.o)
    0x080001ec   0x080001ec   0x00000000   Code   RO         3824    .ARM.Collect$$rtexit$$00000002  c_w.l(rtexit2.o)
    0x080001ec   0x080001ec   0x00000004   Code   RO         3825    .ARM.Collect$$rtexit$$00000003  c_w.l(rtexit2.o)
    0x080001f0   0x080001f0   0x00000006   Code   RO         3826    .ARM.Collect$$rtexit$$00000004  c_w.l(rtexit2.o)
    0x080001f6   0x080001f6   0x00000002   PAD
    0x080001f8   0x080001f8   0x00000040   Code   RO          392  * .text               startup_stm32f10x_md.o
    0x08000238   0x08000238   0x00000002   Code   RO         3591    .text               c_w.l(use_no_semi_2.o)
    0x0800023a   0x0800023a   0x00000002   PAD
    0x0800023c   0x0800023c   0x00000018   Code   RO         3597    .text               c_w.l(noretval__2printf.o)
    0x08000254   0x08000254   0x00000028   Code   RO         3599    .text               c_w.l(noretval__2sprintf.o)
    0x0800027c   0x0800027c   0x0000004e   Code   RO         3603    .text               c_w.l(_printf_pad.o)
    0x080002ca   0x080002ca   0x00000052   Code   RO         3605    .text               c_w.l(_printf_str.o)
    0x0800031c   0x0800031c   0x00000078   Code   RO         3607    .text               c_w.l(_printf_dec.o)
    0x08000394   0x08000394   0x00000138   Code   RO         3621    .text               c_w.l(__printf_flags_wp.o)
    0x080004cc   0x080004cc   0x00000006   Code   RO         3634    .text               c_w.l(heapauxi.o)
    0x080004d2   0x080004d2   0x00000002   Code   RO         3670    .text               c_w.l(use_no_semi.o)
    0x080004d4   0x080004d4   0x000000b2   Code   RO         3673    .text               c_w.l(_printf_intcommon.o)
    0x08000586   0x08000586   0x0000041e   Code   RO         3675    .text               c_w.l(_printf_fp_dec.o)
    0x080009a4   0x080009a4   0x00000030   Code   RO         3677    .text               c_w.l(_printf_char_common.o)
    0x080009d4   0x080009d4   0x0000000a   Code   RO         3679    .text               c_w.l(_sputc.o)
    0x080009de   0x080009de   0x0000002c   Code   RO         3681    .text               c_w.l(_printf_char.o)
    0x08000a0a   0x08000a0a   0x00000002   PAD
    0x08000a0c   0x08000a0c   0x00000024   Code   RO         3683    .text               c_w.l(_printf_char_file.o)
    0x08000a30   0x08000a30   0x00000008   Code   RO         3713    .text               c_w.l(rt_locale_intlibspace.o)
    0x08000a38   0x08000a38   0x0000008a   Code   RO         3715    .text               c_w.l(lludiv10.o)
    0x08000ac2   0x08000ac2   0x00000002   PAD
    0x08000ac4   0x08000ac4   0x00000080   Code   RO         3717    .text               c_w.l(_printf_fp_infnan.o)
    0x08000b44   0x08000b44   0x000000e4   Code   RO         3721    .text               c_w.l(bigflt0.o)
    0x08000c28   0x08000c28   0x00000008   Code   RO         3746    .text               c_w.l(ferror.o)
    0x08000c30   0x08000c30   0x00000008   Code   RO         3757    .text               c_w.l(libspace.o)
    0x08000c38   0x08000c38   0x0000004a   Code   RO         3760    .text               c_w.l(sys_stackheap_outer.o)
    0x08000c82   0x08000c82   0x00000012   Code   RO         3762    .text               c_w.l(exit.o)
    0x08000c94   0x08000c94   0x00000080   Code   RO         3764    .text               c_w.l(strcmpv7m.o)
    0x08000d14   0x08000d14   0x0000003e   Code   RO         3724    CL$$btod_d2e        c_w.l(btod.o)
    0x08000d52   0x08000d52   0x00000046   Code   RO         3726    CL$$btod_d2e_denorm_low  c_w.l(btod.o)
    0x08000d98   0x08000d98   0x00000060   Code   RO         3725    CL$$btod_d2e_norm_op1  c_w.l(btod.o)
    0x08000df8   0x08000df8   0x00000338   Code   RO         3734    CL$$btod_div_common  c_w.l(btod.o)
    0x08001130   0x08001130   0x000000dc   Code   RO         3731    CL$$btod_e2e        c_w.l(btod.o)
    0x0800120c   0x0800120c   0x0000002a   Code   RO         3728    CL$$btod_ediv       c_w.l(btod.o)
    0x08001236   0x08001236   0x0000002a   Code   RO         3727    CL$$btod_emul       c_w.l(btod.o)
    0x08001260   0x08001260   0x00000244   Code   RO         3733    CL$$btod_mult_common  c_w.l(btod.o)
    0x080014a4   0x080014a4   0x00000016   Code   RO          438    i.ADC_Cmd           stm32f10x_adc.o
    0x080014ba   0x080014ba   0x00000002   PAD
    0x080014bc   0x080014bc   0x0000005c   Code   RO          440    i.ADC_DeInit        stm32f10x_adc.o
    0x08001518   0x08001518   0x00000014   Code   RO          446    i.ADC_GetCalibrationStatus  stm32f10x_adc.o
    0x0800152c   0x0800152c   0x00000008   Code   RO          447    i.ADC_GetConversionValue  stm32f10x_adc.o
    0x08001534   0x08001534   0x00000012   Code   RO          449    i.ADC_GetFlagStatus  stm32f10x_adc.o
    0x08001546   0x08001546   0x00000014   Code   RO          452    i.ADC_GetResetCalibrationStatus  stm32f10x_adc.o
    0x0800155a   0x0800155a   0x00000002   PAD
    0x0800155c   0x0800155c   0x00000050   Code   RO          456    i.ADC_Init          stm32f10x_adc.o
    0x080015ac   0x080015ac   0x000000b8   Code   RO          460    i.ADC_RegularChannelConfig  stm32f10x_adc.o
    0x08001664   0x08001664   0x0000000a   Code   RO          461    i.ADC_ResetCalibration  stm32f10x_adc.o
    0x0800166e   0x0800166e   0x00000016   Code   RO          463    i.ADC_SoftwareStartConvCmd  stm32f10x_adc.o
    0x08001684   0x08001684   0x0000000a   Code   RO          465    i.ADC_StartCalibration  stm32f10x_adc.o
    0x0800168e   0x0800168e   0x00000002   PAD
    0x08001690   0x08001690   0x0000008c   Code   RO         3562    i.Adc_Init          mq2.o
    0x0800171c   0x0800171c   0x00000034   Code   RO         3363    i.BEEP_CONFIG       beep.o
    0x08001750   0x08001750   0x00000004   Code   RO          160    i.BusFault_Handler  stm32f10x_it.o
    0x08001754   0x08001754   0x00000002   Code   RO          161    i.DebugMon_Handler  stm32f10x_it.o
    0x08001756   0x08001756   0x00000002   PAD
    0x08001758   0x08001758   0x0000001c   Code   RO         3375    i.EXTI3_IRQHandler  exti.o
    0x08001774   0x08001774   0x0000000c   Code   RO         1194    i.EXTI_ClearITPendingBit  stm32f10x_exti.o
    0x08001780   0x08001780   0x00000116   Code   RO         1547    i.GPIO_Init         stm32f10x_gpio.o
    0x08001896   0x08001896   0x00000012   Code   RO         1551    i.GPIO_ReadInputDataBit  stm32f10x_gpio.o
    0x080018a8   0x080018a8   0x00000004   Code   RO         1554    i.GPIO_ResetBits    stm32f10x_gpio.o
    0x080018ac   0x080018ac   0x00000004   Code   RO         1555    i.GPIO_SetBits      stm32f10x_gpio.o
    0x080018b0   0x080018b0   0x00000034   Code   RO         3563    i.Get_Adc           mq2.o
    0x080018e4   0x080018e4   0x0000002e   Code   RO         3564    i.Get_Adc_Average   mq2.o
    0x08001912   0x08001912   0x00000002   PAD
    0x08001914   0x08001914   0x0000005c   Code   RO         3403    i.Get_Maopi         hx711.o
    0x08001970   0x08001970   0x00000090   Code   RO         3404    i.HX711_Read        hx711.o
    0x08001a00   0x08001a00   0x00000004   Code   RO          162    i.HardFault_Handler  stm32f10x_it.o
    0x08001a04   0x08001a04   0x0000004c   Code   RO         3405    i.Init_HX711pin     hx711.o
    0x08001a50   0x08001a50   0x00000054   Code   RO         3439    i.LCD12864IO_Init   lcd12864.o
    0x08001aa4   0x08001aa4   0x00000050   Code   RO         3440    i.LCDInit           lcd12864.o
    0x08001af4   0x08001af4   0x00000004   Code   RO          163    i.MemManage_Handler  stm32f10x_it.o
    0x08001af8   0x08001af8   0x00000002   Code   RO          164    i.NMI_Handler       stm32f10x_it.o
    0x08001afa   0x08001afa   0x00000002   PAD
    0x08001afc   0x08001afc   0x00000070   Code   RO          396    i.NVIC_Init         misc.o
    0x08001b6c   0x08001b6c   0x00000014   Code   RO          397    i.NVIC_PriorityGroupConfig  misc.o
    0x08001b80   0x08001b80   0x00000002   Code   RO          165    i.PendSV_Handler    stm32f10x_it.o
    0x08001b82   0x08001b82   0x00000002   PAD
    0x08001b84   0x08001b84   0x00000018   Code   RO         1961    i.RCC_ADCCLKConfig  stm32f10x_rcc.o
    0x08001b9c   0x08001b9c   0x00000020   Code   RO         1965    i.RCC_APB2PeriphClockCmd  stm32f10x_rcc.o
    0x08001bbc   0x08001bbc   0x00000020   Code   RO         1966    i.RCC_APB2PeriphResetCmd  stm32f10x_rcc.o
    0x08001bdc   0x08001bdc   0x000000d4   Code   RO         1973    i.RCC_GetClocksFreq  stm32f10x_rcc.o
    0x08001cb0   0x08001cb0   0x0000002c   Code   RO         3502    i.SR501_CONFIG      sr501.o
    0x08001cdc   0x08001cdc   0x00000002   Code   RO          166    i.SVC_Handler       stm32f10x_it.o
    0x08001cde   0x08001cde   0x00000008   Code   RO          223    i.SetSysClock       system_stm32f10x.o
    0x08001ce6   0x08001ce6   0x00000002   PAD
    0x08001ce8   0x08001ce8   0x000000e0   Code   RO          224    i.SetSysClockTo72   system_stm32f10x.o
    0x08001dc8   0x08001dc8   0x00000034   Code   RO         3443    i.ShowQQChar        lcd12864.o
    0x08001dfc   0x08001dfc   0x00000028   Code   RO          400    i.SysTick_CLKSourceConfig  misc.o
    0x08001e24   0x08001e24   0x00000002   Code   RO          167    i.SysTick_Handler   stm32f10x_it.o
    0x08001e26   0x08001e26   0x00000002   PAD
    0x08001e28   0x08001e28   0x00000060   Code   RO          226    i.SystemInit        system_stm32f10x.o
    0x08001e88   0x08001e88   0x00000088   Code   RO          338    i.USART1_IRQHandler  usart.o
    0x08001f10   0x08001f10   0x00000018   Code   RO         3133    i.USART_Cmd         stm32f10x_usart.o
    0x08001f28   0x08001f28   0x00000054   Code   RO         3137    i.USART_GetITStatus  stm32f10x_usart.o
    0x08001f7c   0x08001f7c   0x0000004a   Code   RO         3139    i.USART_ITConfig    stm32f10x_usart.o
    0x08001fc6   0x08001fc6   0x00000002   PAD
    0x08001fc8   0x08001fc8   0x000000d8   Code   RO         3140    i.USART_Init        stm32f10x_usart.o
    0x080020a0   0x080020a0   0x0000000a   Code   RO         3147    i.USART_ReceiveData  stm32f10x_usart.o
    0x080020aa   0x080020aa   0x00000004   Code   RO          168    i.UsageFault_Handler  stm32f10x_it.o
    0x080020ae   0x080020ae   0x00000002   PAD
    0x080020b0   0x080020b0   0x00000044   Code   RO         3444    i.WRCommand         lcd12864.o
    0x080020f4   0x080020f4   0x00000038   Code   RO         3445    i.WRData            lcd12864.o
    0x0800212c   0x0800212c   0x00000028   Code   RO         3755    i.__ARM_fpclassify  m_ws.l(fpclassify.o)
    0x08002154   0x08002154   0x0000000e   Code   RO         3619    i._is_digit         c_w.l(__printf_wp.o)
    0x08002162   0x08002162   0x00000006   Code   RO          339    i._sys_exit         usart.o
    0x08002168   0x08002168   0x00000030   Code   RO            1    i.check_redsence    main.o
    0x08002198   0x08002198   0x0000005c   Code   RO            2    i.check_weight      main.o
    0x080021f4   0x080021f4   0x00000044   Code   RO          257    i.delay_init        delay.o
    0x08002238   0x08002238   0x0000004c   Code   RO          258    i.delay_ms          delay.o
    0x08002284   0x08002284   0x0000004c   Code   RO          259    i.delay_us          delay.o
    0x080022d0   0x080022d0   0x0000002c   Code   RO         3514    i.dht11_gpio_input  dht11.o
    0x080022fc   0x080022fc   0x0000002c   Code   RO         3515    i.dht11_gpio_output  dht11.o
    0x08002328   0x08002328   0x00000044   Code   RO         3516    i.dht11_read_bit    dht11.o
    0x0800236c   0x0800236c   0x00000022   Code   RO         3517    i.dht11_read_byte   dht11.o
    0x0800238e   0x0800238e   0x00000002   PAD
    0x08002390   0x08002390   0x00000070   Code   RO         3518    i.dht11_read_data   dht11.o
    0x08002400   0x08002400   0x00000034   Code   RO         3519    i.dht11_reset       dht11.o
    0x08002434   0x08002434   0x00000014   Code   RO         3520    i.dht11_scan        dht11.o
    0x08002448   0x08002448   0x0000001c   Code   RO          340    i.fputc             usart.o
    0x08002464   0x08002464   0x00000028   Code   RO            3    i.lcd_display       main.o
    0x0800248c   0x0800248c   0x0000033c   Code   RO            4    i.main              main.o
    0x080027c8   0x080027c8   0x00000030   Code   RO         3406    i.set_dout_gpiomode  hx711.o
    0x080027f8   0x080027f8   0x000000a0   Code   RO          341    i.uart_init         usart.o
    0x08002898   0x08002898   0x0000002c   Code   RO         3751    locale$$code        c_w.l(lc_numeric_c.o)
    0x080028c4   0x080028c4   0x00000150   Code   RO         3638    x$fpl$dadd          fz_ws.l(daddsub_clz.o)
    0x08002a14   0x08002a14   0x000002b0   Code   RO         3645    x$fpl$ddiv          fz_ws.l(ddiv.o)
    0x08002cc4   0x08002cc4   0x00000026   Code   RO         3648    x$fpl$dfltu         fz_ws.l(dflt_clz.o)
    0x08002cea   0x08002cea   0x0000009c   Code   RO         3686    x$fpl$dnaninf       fz_ws.l(dnaninf.o)
    0x08002d86   0x08002d86   0x0000000c   Code   RO         3688    x$fpl$dretinf       fz_ws.l(dretinf.o)
    0x08002d92   0x08002d92   0x00000002   PAD
    0x08002d94   0x08002d94   0x000001d4   Code   RO         3640    x$fpl$dsub          fz_ws.l(daddsub_clz.o)
    0x08002f68   0x08002f68   0x00000184   Code   RO         3655    x$fpl$fdiv          fz_ws.l(fdiv.o)
    0x080030ec   0x080030ec   0x0000003e   Code   RO         3658    x$fpl$ffixu         fz_ws.l(ffixu.o)
    0x0800312a   0x0800312a   0x00000002   PAD
    0x0800312c   0x0800312c   0x00000026   Code   RO         3662    x$fpl$ffltu         fz_ws.l(fflt_clz.o)
    0x08003152   0x08003152   0x0000008c   Code   RO         3690    x$fpl$fnaninf       fz_ws.l(fnaninf.o)
    0x080031de   0x080031de   0x0000000a   Code   RO         3692    x$fpl$fretinf       fz_ws.l(fretinf.o)
    0x080031e8   0x080031e8   0x00000004   Code   RO         3668    x$fpl$printf1       fz_ws.l(printf1.o)
    0x080031ec   0x080031ec   0x00000000   Code   RO         3694    x$fpl$usenofp       fz_ws.l(usenofp.o)
    0x080031ec   0x080031ec   0x00000011   Data   RO         3622    .constdata          c_w.l(__printf_flags_wp.o)
    0x080031fd   0x080031fd   0x00000003   PAD
    0x08003200   0x08003200   0x00000094   Data   RO         3722    .constdata          c_w.l(bigflt0.o)
    0x08003294   0x08003294   0x00000020   Data   RO         3892    Region$$Table       anon$$obj.o
    0x080032b4   0x080032b4   0x0000001c   Data   RO         3750    locale$$data        c_w.l(lc_numeric_c.o)


    Execution Region ER_RW (Exec base: 0x20000000, Load base: 0x080032d0, Size: 0x00000044, Max: 0xffffffff, ABSOLUTE)

    Exec Addr    Load Addr    Size         Type   Attr      Idx    E Section Name        Object

    0x20000000   0x080032d0   0x00000014   Data   RW          227    .data               system_stm32f10x.o
    0x20000014   0x080032e4   0x00000004   Data   RW          260    .data               delay.o
    0x20000018   0x080032e8   0x00000006   Data   RW          343    .data               usart.o
    0x2000001e   0x080032ee   0x00000014   Data   RW         1993    .data               stm32f10x_rcc.o
    0x20000032   0x08003302   0x00000001   Data   RW         3377    .data               exti.o
    0x20000033   0x08003303   0x00000001   PAD
    0x20000034   0x08003304   0x0000000d   Data   RW         3407    .data               hx711.o


    Execution Region ER_ZI (Exec base: 0x20000044, Load base: 0x08003314, Size: 0x0000072c, Max: 0xffffffff, ABSOLUTE)

    Exec Addr    Load Addr    Size         Type   Attr      Idx    E Section Name        Object

    0x20000044        -       0x000000c8   Zero   RW          342    .bss                usart.o
    0x2000010c        -       0x00000060   Zero   RW         3758    .bss                c_w.l(libspace.o)
    0x2000016c   0x08003314   0x00000004   PAD
    0x20000170        -       0x00000200   Zero   RW          390    HEAP                startup_stm32f10x_md.o
    0x20000370        -       0x00000400   Zero   RW          389    STACK               startup_stm32f10x_md.o


==============================================================================

Image component sizes


      Code (inc. data)   RO Data    RW Data    ZI Data      Debug   Object Name

        52          4          0          0          0        470   beep.o
       220         26          0          4          0     214019   delay.o
       374         30          0          0          0       3891   dht11.o
        28          6          0          1          0        675   exti.o
       360         32          0         13          0       2509   hx711.o
       340         42          0          0          0       2966   lcd12864.o
      1008        170          0          0          0     232513   main.o
       172         22          0          0          0       1981   misc.o
       238         14          0          0          0       1715   mq2.o
        44          6          0          0          0        479   sr501.o
        64         26        304          0       1536        780   startup_stm32f10x_md.o
       486         24          0          0          0       8374   stm32f10x_adc.o
        12          6          0          0          0        505   stm32f10x_exti.o
       304          0          0          0          0       3564   stm32f10x_gpio.o
        26          0          0          0          0       3534   stm32f10x_it.o
       300         38          0         20          0       4873   stm32f10x_rcc.o
       408          6          0          0          0       4886   stm32f10x_usart.o
         0          0          0          0          0         32   sys.o
       328         28          0         20          0       1997   system_stm32f10x.o
       330         26          0          6        200       4032   usart.o

    ----------------------------------------------------------------------
      5118        506        336         68       1736     493795   Object Totals
         0          0         32          0          0          0   (incl. Generated)
        24          0          0          4          0          0   (incl. Padding)

    ----------------------------------------------------------------------

      Code (inc. data)   RO Data    RW Data    ZI Data      Debug   Library Member Name

         8          0          0          0          0         68   __main.o
       312          4         17          0          0         92   __printf_flags_wp.o
        14          0          0          0          0         68   __printf_wp.o
         0          0          0          0          0          0   __rtentry.o
        12          0          0          0          0          0   __rtentry2.o
         6          0          0          0          0          0   __rtentry4.o
        52          8          0          0          0          0   __scatter.o
        26          0          0          0          0          0   __scatter_copy.o
        28          0          0          0          0          0   __scatter_zi.o
         6          0          0          0          0          0   _printf_c.o
        44          0          0          0          0        108   _printf_char.o
        48          6          0          0          0         96   _printf_char_common.o
        36          4          0          0          0         80   _printf_char_file.o
         6          0          0          0          0          0   _printf_d.o
       120         16          0          0          0         92   _printf_dec.o
         6          0          0          0          0          0   _printf_f.o
      1054          0          0          0          0        216   _printf_fp_dec.o
       128         16          0          0          0         84   _printf_fp_infnan.o
       178          0          0          0          0         88   _printf_intcommon.o
        78          0          0          0          0        108   _printf_pad.o
         0          0          0          0          0          0   _printf_percent.o
         4          0          0          0          0          0   _printf_percent_end.o
         6          0          0          0          0          0   _printf_s.o
        82          0          0          0          0         80   _printf_str.o
        10          0          0          0          0         68   _sputc.o
       228          4        148          0          0         96   bigflt0.o
      1936        128          0          0          0        672   btod.o
        18          0          0          0          0         80   exit.o
         8          0          0          0          0         68   ferror.o
         6          0          0          0          0        152   heapauxi.o
        44         10         28          0          0         76   lc_numeric_c.o
         2          0          0          0          0          0   libinit.o
        18          0          0          0          0          0   libinit2.o
         2          0          0          0          0          0   libshutdown.o
         2          0          0          0          0          0   libshutdown2.o
         8          4          0          0         96         68   libspace.o
       138          0          0          0          0         80   lludiv10.o
        24          4          0          0          0         84   noretval__2printf.o
        40          6          0          0          0         84   noretval__2sprintf.o
         8          4          0          0          0         68   rt_locale_intlibspace.o
         2          0          0          0          0          0   rtexit.o
        10          0          0          0          0          0   rtexit2.o
       128          0          0          0          0         68   strcmpv7m.o
        74          0          0          0          0         80   sys_stackheap_outer.o
         2          0          0          0          0         68   use_no_semi.o
         2          0          0          0          0         68   use_no_semi_2.o
       804         16          0          0          0        272   daddsub_clz.o
       688        140          0          0          0        208   ddiv.o
        38          0          0          0          0         68   dflt_clz.o
       156          4          0          0          0         92   dnaninf.o
        12          0          0          0          0         68   dretinf.o
       388         76          0          0          0         96   fdiv.o
        62          4          0          0          0         84   ffixu.o
        38          0          0          0          0         68   fflt_clz.o
       140          4          0          0          0         84   fnaninf.o
        10          0          0          0          0         68   fretinf.o
         4          0          0          0          0         68   printf1.o
         0          0          0          0          0          0   usenofp.o
        40          0          0          0          0         68   fpclassify.o

    ----------------------------------------------------------------------
      7358        458        196          0        100       4304   Library Totals
        14          0          3          0          4          0   (incl. Padding)

    ----------------------------------------------------------------------

      Code (inc. data)   RO Data    RW Data    ZI Data      Debug   Library Name

      4964        214        193          0         96       3060   c_w.l
      2340        244          0          0          0       1176   fz_ws.l
        40          0          0          0          0         68   m_ws.l

    ----------------------------------------------------------------------
      7358        458        196          0        100       4304   Library Totals

    ----------------------------------------------------------------------

==============================================================================


      Code (inc. data)   RO Data    RW Data    ZI Data      Debug   

     12476        964        532         68       1836     492167   Grand Totals
     12476        964        532         68       1836     492167   ELF Image Totals
     12476        964        532         68          0          0   ROM Totals

==============================================================================

    Total RO  Size (Code + RO Data)                13008 (  12.70kB)
    Total RW  Size (RW Data + ZI Data)              1904 (   1.86kB)
    Total ROM Size (Code + RO Data + RW Data)      13076 (  12.77kB)

==============================================================================

